Archive member included to satisfy reference by file (symbol)

c:/progra~2/gnuarm~1/102021~1.10/bin/../lib/gcc/arm-none-eabi/10.3.1/thumb/v6-m/nofp\libgcc.a(_dvmd_tls.o)
                              CMakeFiles/my_pico_firmware.dir/E_/ENTREPRENEURSHIP/summer2025embedded/Pico/pico-sdk/src/rp2_common/pico_divider/divider_hardware.S.obj (__aeabi_idiv0)
c:/progra~2/gnuarm~1/102021~1.10/bin/../lib/gcc/arm-none-eabi/10.3.1/../../../../arm-none-eabi/lib/thumb/v6-m/nofp\libg.a(lib_a-calloc.o)
                              CMakeFiles/my_pico_firmware.dir/E_/ENTREPRENEURSHIP/summer2025embedded/Pico/pico-sdk/src/rp2_common/pico_malloc/malloc.c.obj (calloc)
c:/progra~2/gnuarm~1/102021~1.10/bin/../lib/gcc/arm-none-eabi/10.3.1/../../../../arm-none-eabi/lib/thumb/v6-m/nofp\libg.a(lib_a-callocr.o)
                              c:/progra~2/gnuarm~1/102021~1.10/bin/../lib/gcc/arm-none-eabi/10.3.1/../../../../arm-none-eabi/lib/thumb/v6-m/nofp\libg.a(lib_a-calloc.o) (_calloc_r)
c:/progra~2/gnuarm~1/102021~1.10/bin/../lib/gcc/arm-none-eabi/10.3.1/../../../../arm-none-eabi/lib/thumb/v6-m/nofp\libg.a(lib_a-errno.o)
                              c:/progra~2/gnuarm~1/102021~1.10/bin/../lib/gcc/arm-none-eabi/10.3.1/../../../../arm-none-eabi/lib/thumb/v6-m/nofp\libg.a(lib_a-callocr.o) (__errno)
c:/progra~2/gnuarm~1/102021~1.10/bin/../lib/gcc/arm-none-eabi/10.3.1/../../../../arm-none-eabi/lib/thumb/v6-m/nofp\libg.a(lib_a-impure.o)
                              c:/progra~2/gnuarm~1/102021~1.10/bin/../lib/gcc/arm-none-eabi/10.3.1/../../../../arm-none-eabi/lib/thumb/v6-m/nofp\libg.a(lib_a-calloc.o) (_impure_ptr)
c:/progra~2/gnuarm~1/102021~1.10/bin/../lib/gcc/arm-none-eabi/10.3.1/../../../../arm-none-eabi/lib/thumb/v6-m/nofp\libg.a(lib_a-init.o)
                              c:/progra~2/gnuarm~1/102021~1.10/bin/../lib/gcc/arm-none-eabi/10.3.1/../../../../arm-none-eabi/lib/thumb/v6-m/nofp/crt0.o (__libc_init_array)
c:/progra~2/gnuarm~1/102021~1.10/bin/../lib/gcc/arm-none-eabi/10.3.1/../../../../arm-none-eabi/lib/thumb/v6-m/nofp\libg.a(lib_a-lcltime_r.o)
                              CMakeFiles/my_pico_firmware.dir/E_/ENTREPRENEURSHIP/summer2025embedded/Pico/pico-sdk/src/common/pico_util/datetime.c.obj (localtime_r)
c:/progra~2/gnuarm~1/102021~1.10/bin/../lib/gcc/arm-none-eabi/10.3.1/../../../../arm-none-eabi/lib/thumb/v6-m/nofp\libg.a(lib_a-malloc.o)
                              CMakeFiles/my_pico_firmware.dir/E_/ENTREPRENEURSHIP/summer2025embedded/Pico/pico-sdk/src/rp2_common/pico_malloc/malloc.c.obj (malloc)
c:/progra~2/gnuarm~1/102021~1.10/bin/../lib/gcc/arm-none-eabi/10.3.1/../../../../arm-none-eabi/lib/thumb/v6-m/nofp\libg.a(lib_a-mallocr.o)
                              c:/progra~2/gnuarm~1/102021~1.10/bin/../lib/gcc/arm-none-eabi/10.3.1/../../../../arm-none-eabi/lib/thumb/v6-m/nofp\libg.a(lib_a-callocr.o) (_malloc_r)
c:/progra~2/gnuarm~1/102021~1.10/bin/../lib/gcc/arm-none-eabi/10.3.1/../../../../arm-none-eabi/lib/thumb/v6-m/nofp\libg.a(lib_a-memcmp.o)
                              CMakeFiles/my_pico_firmware.dir/E_/ENTREPRENEURSHIP/summer2025embedded/Pico/pico-sdk/src/rp2_common/pico_atomic/atomic.c.obj (memcmp)
c:/progra~2/gnuarm~1/102021~1.10/bin/../lib/gcc/arm-none-eabi/10.3.1/../../../../arm-none-eabi/lib/thumb/v6-m/nofp\libg.a(lib_a-mktime.o)
                              CMakeFiles/my_pico_firmware.dir/E_/ENTREPRENEURSHIP/summer2025embedded/Pico/pico-sdk/src/common/pico_util/datetime.c.obj (mktime)
c:/progra~2/gnuarm~1/102021~1.10/bin/../lib/gcc/arm-none-eabi/10.3.1/../../../../arm-none-eabi/lib/thumb/v6-m/nofp\libg.a(lib_a-mlock.o)
                              c:/progra~2/gnuarm~1/102021~1.10/bin/../lib/gcc/arm-none-eabi/10.3.1/../../../../arm-none-eabi/lib/thumb/v6-m/nofp\libg.a(lib_a-mallocr.o) (__malloc_lock)
c:/progra~2/gnuarm~1/102021~1.10/bin/../lib/gcc/arm-none-eabi/10.3.1/../../../../arm-none-eabi/lib/thumb/v6-m/nofp\libg.a(lib_a-month_lengths.o)
                              c:/progra~2/gnuarm~1/102021~1.10/bin/../lib/gcc/arm-none-eabi/10.3.1/../../../../arm-none-eabi/lib/thumb/v6-m/nofp\libg.a(lib_a-lcltime_r.o) (__month_lengths)
c:/progra~2/gnuarm~1/102021~1.10/bin/../lib/gcc/arm-none-eabi/10.3.1/../../../../arm-none-eabi/lib/thumb/v6-m/nofp\libg.a(lib_a-realloc.o)
                              CMakeFiles/my_pico_firmware.dir/E_/ENTREPRENEURSHIP/summer2025embedded/Pico/pico-sdk/src/rp2_common/pico_malloc/malloc.c.obj (realloc)
c:/progra~2/gnuarm~1/102021~1.10/bin/../lib/gcc/arm-none-eabi/10.3.1/../../../../arm-none-eabi/lib/thumb/v6-m/nofp\libg.a(lib_a-reallocr.o)
                              c:/progra~2/gnuarm~1/102021~1.10/bin/../lib/gcc/arm-none-eabi/10.3.1/../../../../arm-none-eabi/lib/thumb/v6-m/nofp\libg.a(lib_a-realloc.o) (_realloc_r)
c:/progra~2/gnuarm~1/102021~1.10/bin/../lib/gcc/arm-none-eabi/10.3.1/../../../../arm-none-eabi/lib/thumb/v6-m/nofp\libg.a(lib_a-sbrkr.o)
[...]
Memory Configuration

Name             Origin             Length             Attributes
FLASH            0x10000000         0x00200000         xr
RAM              0x20000000         0x00040000         xrw
SCRATCH_X        0x20040000         0x00001000         xrw
SCRATCH_Y        0x20041000         0x00001000         xrw
*default*        0x00000000         0xffffffff

Linker script and memory map

LOAD c:/progra~2/gnuarm~1/102021~1.10/bin/../lib/gcc/arm-none-eabi/10.3.1/thumb/v6-m/nofp/crti.o
LOAD c:/progra~2/gnuarm~1/102021~1.10/bin/../lib/gcc/arm-none-eabi/10.3.1/thumb/v6-m/nofp/crtbegin.o
LOAD c:/progra~2/gnuarm~1/102021~1.10/bin/../lib/gcc/arm-none-eabi/10.3.1/../../../../arm-none-eabi/lib/thumb/v6-m/nofp/crt0.o

.flash_begin    0x10000000        0x0
                0x10000000                __flash_binary_start = .

.boot2          0x10000000      0x100
                0x10000000                __boot2_start__ = .
 *(.boot2)
 .boot2         0x10000000      0x100 pico-sdk/src/rp2040/boot_stage2/CMakeFiles/bs2_default_library.dir/./bs2_default_padded_checksummed.S.obj
                0x10000100                __boot2_end__ = .
                0x00000001                ASSERT (((__boot2_end__ - __boot2_start__) == 0x100), ERROR: Pico second stage bootloader must be 256 bytes in size)

.text           0x10000100     0x3f48
                0x10000100                __logical_binary_start = .
 *(.vectors)
 .vectors       0x10000100       0xd4 CMakeFiles/my_pico_firmware.dir/E_/ENTREPRENEURSHIP/summer2025embedded/Pico/pico-sdk/src/rp2_common/pico_crt0/crt0.S.obj
                0x10000100                __VECTOR_TABLE
                0x10000100                __vectors
                0x100001c0                isr_invalid
                0x100001c0                __default_isrs_start
                0x100001c2                isr_nmi
                0x100001c4                isr_hardfault
                0x100001c6                isr_svcall
                0x100001c8                isr_pendsv
                0x100001ca                isr_systick
                0x100001cc                isr_irq23
                0x100001cc                isr_irq18
                0x100001cc                isr_irq11
                0x100001cc                isr_irq28
                0x100001cc                isr_irq19
                0x100001cc                isr_irq0
                0x100001cc                isr_irq6
                0x100001cc                isr_irq5
                0x100001cc                isr_irq12
                0x100001cc                isr_irq22
                0x100001cc                isr_irq31
                0x100001cc                isr_irq17
                0x100001cc                isr_irq27
                0x100001cc                isr_irq30
                0x100001cc                isr_irq2
                0x100001cc                isr_irq10
                0x100001cc                isr_irq8
                0x100001cc                isr_irq24
                0x100001cc                isr_irq1
                0x100001cc                isr_irq7
                0x100001cc                isr_irq21
                0x100001cc                isr_irq20
                0x100001cc                isr_irq15
                0x100001cc                isr_irq25
                0x100001cc                isr_irq13
                0x100001cc                __unhandled_user_irq
                0x100001cc                isr_irq4
                0x100001cc                isr_irq16
                0x100001cc                isr_irq29
                0x100001cc                isr_irq26
                0x100001cc                __default_isrs_end
                0x100001cc                isr_irq3
                0x100001cc                isr_irq14
                0x100001cc                isr_irq9
                0x100001d2                unhandled_user_irq_num_in_r0
 *(.binary_info_header)
 .binary_info_header
                0x100001d4       0x14 CMakeFiles/my_pico_firmware.dir/E_/ENTREPRENEURSHIP/summer2025embedded/Pico/pico-sdk/src/rp2_common/pico_crt0/crt0.S.obj
                0x100001e8                __binary_info_header_end = .
 *(.embedded_block)
                0x100001e8                __embedded_block_end = .
 *(.reset)
 .reset         0x100001e8       0x9c CMakeFiles/my_pico_firmware.dir/E_/ENTREPRENEURSHIP/summer2025embedded/Pico/pico-sdk/src/rp2_common/pico_crt0/crt0.S.obj
                0x100001e8                _entry_point
 *(.init)
 .init          0x10000284        0x4 c:/progra~2/gnuarm~1/102021~1.10/bin/../lib/gcc/arm-none-eabi/10.3.1/thumb/v6-m/nofp/crti.o
                0x10000284                _init
 *(EXCLUDE_FILE(*libm.a: *libc.a:*lib_a-mem*.o *libgcc.a:) .text*)
 .text          0x10000288       0x48 c:/progra~2/gnuarm~1/102021~1.10/bin/../lib/gcc/arm-none-eabi/10.3.1/thumb/v6-m/nofp/crtbegin.o
 .text.startup.main
                0x100002d0       0x60 CMakeFiles/my_pico_firmware.dir/d1embed.cpp.obj
                0x100002d0                main
 .text.gpio_set_function
                0x10000330       0x34 CMakeFiles/my_pico_firmware.dir/E_/ENTREPRENEURSHIP/summer2025embedded/Pico/pico-sdk/src/rp2_common/hardware_gpio/gpio.c.obj
                0x10000330                gpio_set_function
 .text.gpio_init
                0x10000364       0x40 CMakeFiles/my_pico_firmware.dir/E_/ENTREPRENEURSHIP/summer2025embedded/Pico/pico-sdk/src/rp2_common/hardware_gpio/gpio.c.obj
                0x10000364                gpio_init
 .text.panic    0x100003a4       0x30 CMakeFiles/my_pico_firmware.dir/E_/ENTREPRENEURSHIP/summer2025embedded/Pico/pico-sdk/src/rp2_common/pico_platform_panic/panic.c.obj
                0x100003a4                panic
 .text.hw_claim_or_assert
                0x100003d4       0x44 CMakeFiles/my_pico_firmware.dir/E_/ENTREPRENEURSHIP/summer2025embedded/Pico/pico-sdk/src/common/hardware_claim/claim.c.obj
                0x100003d4                hw_claim_or_assert
 .text.next_striped_spin_lock_num
                0x10000418       0x18 CMakeFiles/my_pico_firmware.dir/E_/ENTREPRENEURSHIP/summer2025embedded/Pico/pico-sdk/src/rp2_common/hardware_sync/sync.c.obj
                0x10000418                next_striped_spin_lock_num
 .text.spin_locks_reset
                0x10000430       0x1c CMakeFiles/my_pico_firmware.dir/E_/ENTREPRENEURSHIP/summer2025embedded/Pico/pico-sdk/src/rp2_common/hardware_sync_spin_lock/sync_spin_lock.c.obj
                0x10000430                spin_locks_reset
 .text.runtime_init_per_core_irq_priorities
                0x1000044c       0x24 CMakeFiles/my_pico_firmware.dir/E_/ENTREPRENEURSHIP/summer2025embedded/Pico/pico-sdk/src/rp2_common/hardware_irq/irq.c.obj
                0x1000044c                runtime_init_per_core_irq_priorities
 .text.irq_set_enabled
                0x10000470       0x24 CMakeFiles/my_pico_firmware.dir/E_/ENTREPRENEURSHIP/summer2025embedded/Pico/pico-sdk/src/rp2_common/hardware_irq/irq.c.obj
                0x10000470                irq_set_enabled
 .text.irq_set_exclusive_handler
                0x10000494       0x54 CMakeFiles/my_pico_firmware.dir/E_/ENTREPRENEURSHIP/summer2025embedded/Pico/pico-sdk/src/rp2_common/hardware_irq/irq.c.obj
                0x10000494                irq_set_exclusive_handler
 .text.irq_remove_handler
                0x100004e8      0x1c4 CMakeFiles/my_pico_firmware.dir/E_/ENTREPRENEURSHIP/summer2025embedded/Pico/pico-sdk/src/rp2_common/hardware_irq/irq.c.obj
                0x100004e8                irq_remove_handler
 .text.irq_add_tail_to_free_list
                0x100006ac       0xb4 CMakeFiles/my_pico_firmware.dir/E_/ENTREPRENEURSHIP/summer2025embedded/Pico/pico-sdk/src/rp2_common/hardware_irq/irq.c.obj
                0x100006ac                irq_add_tail_to_free_list
 .text.lock_init
                0x10000760       0x10 CMakeFiles/my_pico_firmware.dir/E_/ENTREPRENEURSHIP/summer2025embedded/Pico/pico-sdk/src/common/pico_sync/lock_core.c.obj
                0x10000760                lock_init
 .text.runtime_init_mutex
                0x10000770       0x58 CMakeFiles/my_pico_firmware.dir/E_/ENTREPRENEURSHIP/summer2025embedded/Pico/pico-sdk/src/common/pico_sync/mutex.c.obj
                0x10000770                runtime_init_mutex
 .text.sleep_until_callback
                0x100007c8       0x30 CMakeFiles/my_pico_firmware.dir/E_/ENTREPRENEURSHIP/summer2025embedded/Pico/pico-sdk/src/common/pico_time/time.c.obj
 .text.alarm_pool_irq_handler
                0x100007f8      0x308 CMakeFiles/my_pico_firmware.dir/E_/ENTREPRENEURSHIP/summer2025embedded/Pico/pico-sdk/src/common/pico_time/time.c.obj
 .text.runtime_init_default_alarm_pool
                0x10000b00       0xdc CMakeFiles/my_pico_firmware.dir/E_/ENTREPRENEURSHIP/summer2025embedded/Pico/pico-sdk/src/common/pico_time/time.c.obj
                0x10000b00                runtime_init_default_alarm_pool
 .text.alarm_pool_add_alarm_at_force_in_context
                0x10000bdc       0xb0 CMakeFiles/my_pico_firmware.dir/E_/ENTREPRENEURSHIP/summer2025embedded/Pico/pico-sdk/src/common/pico_time/time.c.obj
                0x10000bdc                alarm_pool_add_alarm_at_force_in_context
 .text.alarm_pool_cancel_alarm
                0x10000c8c       0x7c CMakeFiles/my_pico_firmware.dir/E_/ENTREPRENEURSHIP/summer2025embedded/Pico/pico-sdk/src/common/pico_time/time.c.obj
                0x10000c8c                alarm_pool_cancel_alarm
 .text.sleep_until
                0x10000d08       0xd0 CMakeFiles/my_pico_firmware.dir/E_/ENTREPRENEURSHIP/summer2025embedded/Pico/pico-sdk/src/common/pico_time/time.c.obj
                0x10000d08                sleep_until
 .text.sleep_ms
                0x10000dd8       0x34 CMakeFiles/my_pico_firmware.dir/E_/ENTREPRENEURSHIP/summer2025embedded/Pico/pico-sdk/src/common/pico_time/time.c.obj
                0x10000dd8                sleep_ms
 .text.best_effort_wfe_or_timeout
                0x10000e0c       0xfc CMakeFiles/my_pico_firmware.dir/E_/ENTREPRENEURSHIP/summer2025embedded/Pico/pico-sdk/src/common/pico_time/time.c.obj
                0x10000e0c                best_effort_wfe_or_timeout
 .text.timer_hardware_alarm_claim
                0x10000f08       0x14 CMakeFiles/my_pico_firmware.dir/E_/ENTREPRENEURSHIP/summer2025embedded/Pico/pico-sdk/src/rp2_common/hardware_timer/timer.c.obj
                0x10000f08                timer_hardware_alarm_claim
 .text.timer_time_us_64
                0x10000f1c       0x10 CMakeFiles/my_pico_firmware.dir/E_/ENTREPRENEURSHIP/summer2025embedded/Pico/pico-sdk/src/rp2_common/hardware_timer/timer.c.obj
                0x10000f1c                timer_time_us_64
 .text.time_us_64
                0x10000f2c       0x14 CMakeFiles/my_pico_firmware.dir/E_/ENTREPRENEURSHIP/summer2025embedded/Pico/pico-sdk/src/rp2_common/hardware_timer/timer.c.obj
                0x10000f2c                time_us_64
 .text.busy_wait_us
                0x10000f40       0x54 CMakeFiles/my_pico_firmware.dir/E_/ENTREPRENEURSHIP/summer2025embedded/Pico/pico-sdk/src/rp2_common/hardware_timer/timer.c.obj
                0x10000f40                busy_wait_us
 .text.busy_wait_until
                0x10000f94       0x20 CMakeFiles/my_pico_firmware.dir/E_/ENTREPRENEURSHIP/summer2025embedded/Pico/pico-sdk/src/rp2_common/hardware_timer/timer.c.obj
                0x10000f94                busy_wait_until
 .text.uart_init
                0x10000fb4      0x11c CMakeFiles/my_pico_firmware.dir/E_/ENTREPRENEURSHIP/summer2025embedded/Pico/pico-sdk/src/rp2_common/hardware_uart/uart.c.obj
                0x10000fb4                uart_init
 .text.clock_configure_int_divider
                0x100010d0       0xf4 CMakeFiles/my_pico_firmware.dir/E_/ENTREPRENEURSHIP/summer2025embedded/Pico/pico-sdk/src/rp2_common/hardware_clocks/clocks.c.obj
                0x100010d0                clock_configure_int_divider
 .text.clock_configure_undivided
                0x100011c4       0xe8 CMakeFiles/my_pico_firmware.dir/E_/ENTREPRENEURSHIP/summer2025embedded/Pico/pico-sdk/src/rp2_common/hardware_clocks/clocks.c.obj
                0x100011c4                clock_configure_undivided
 .text.clock_get_hz
                0x100012ac        0xc CMakeFiles/my_pico_firmware.dir/E_/ENTREPRENEURSHIP/summer2025embedded/Pico/pico-sdk/src/rp2_common/hardware_clocks/clocks.c.obj
                0x100012ac                clock_get_hz
 .text.pll_init
                0x100012b8       0xa0 CMakeFiles/my_pico_firmware.dir/E_/ENTREPRENEURSHIP/summer2025embedded/Pico/pico-sdk/src/rp2_common/hardware_pll/pll.c.obj
                0x100012b8                pll_init
 .text.tick_start
                0x10001358       0x10 CMakeFiles/my_pico_firmware.dir/E_/ENTREPRENEURSHIP/summer2025embedded/Pico/pico-sdk/src/rp2_common/hardware_ticks/ticks.c.obj
                0x10001358                tick_start
 .text.rom_func_lookup
                0x10001368       0x10 CMakeFiles/my_pico_firmware.dir/E_/ENTREPRENEURSHIP/summer2025embedded/Pico/pico-sdk/src/rp2_common/pico_bootrom/bootrom.c.obj
                0x10001368                rom_func_lookup
 .text.rom_data_lookup
                0x10001378       0x10 CMakeFiles/my_pico_firmware.dir/E_/ENTREPRENEURSHIP/summer2025embedded/Pico/pico-sdk/src/rp2_common/pico_bootrom/bootrom.c.obj
                0x10001378                rom_data_lookup
 .text.rom_funcs_lookup
                0x10001388       0x44 CMakeFiles/my_pico_firmware.dir/E_/ENTREPRENEURSHIP/summer2025embedded/Pico/pico-sdk/src/rp2_common/pico_bootrom/bootrom.c.obj
                0x10001388                rom_funcs_lookup
 .text.xosc_init
                0x100013cc       0x28 CMakeFiles/my_pico_firmware.dir/E_/ENTREPRENEURSHIP/summer2025embedded/Pico/pico-sdk/src/rp2_common/hardware_xosc/xosc.c.obj
                0x100013cc                xosc_init
 .text.first_per_core_initializer
                0x100013f4        0x4 CMakeFiles/my_pico_firmware.dir/E_/ENTREPRENEURSHIP/summer2025embedded/Pico/pico-sdk/src/rp2_common/pico_runtime/runtime.c.obj
 .text.hard_assertion_failure
                0x100013f8        0xc CMakeFiles/my_pico_firmware.dir/E_/ENTREPRENEURSHIP/summer2025embedded/Pico/pico-sdk/src/rp2_common/pico_runtime/runtime.c.obj
                0x100013f8                hard_assertion_failure
 .text.runtime_run_initializers
                0x10001404       0x28 CMakeFiles/my_pico_firmware.dir/E_/ENTREPRENEURSHIP/summer2025embedded/Pico/pico-sdk/src/rp2_common/pico_runtime/runtime.c.obj
                0x10001404                runtime_run_initializers
 .text.runtime_init_early_resets
                0x1000142c       0x2c CMakeFiles/my_pico_firmware.dir/E_/ENTREPRENEURSHIP/summer2025embedded/Pico/pico-sdk/src/rp2_common/pico_runtime_init/runtime_init.c.obj
                0x1000142c                runtime_init_early_resets
 .text.runtime_init_usb_power_down
                0x10001458       0x1c CMakeFiles/my_pico_firmware.dir/E_/ENTREPRENEURSHIP/summer2025embedded/Pico/pico-sdk/src/rp2_common/pico_runtime_init/runtime_init.c.obj
                0x10001458                runtime_init_usb_power_down
 .text.runtime_init_post_clock_resets
                0x10001474       0x20 CMakeFiles/my_pico_firmware.dir/E_/ENTREPRENEURSHIP/summer2025embedded/Pico/pico-sdk/src/rp2_common/pico_runtime_init/runtime_init.c.obj
                0x10001474                runtime_init_post_clock_resets
 .text.runtime_init_rp2040_gpio_ie_disable
                0x10001494       0x14 CMakeFiles/my_pico_firmware.dir/E_/ENTREPRENEURSHIP/summer2025embedded/Pico/pico-sdk/src/rp2_common/pico_runtime_init/runtime_init.c.obj
                0x10001494                runtime_init_rp2040_gpio_ie_disable
 .text.runtime_init_spin_locks_reset
                0x100014a8        0x8 CMakeFiles/my_pico_firmware.dir/E_/ENTREPRENEURSHIP/summer2025embedded/Pico/pico-sdk/src/rp2_common/pico_runtime_init/runtime_init.c.obj
                0x100014a8                runtime_init_spin_locks_reset
 .text.runtime_init_install_ram_vector_table
                0x100014b0       0x1c CMakeFiles/my_pico_firmware.dir/E_/ENTREPRENEURSHIP/summer2025embedded/Pico/pico-sdk/src/rp2_common/pico_runtime_init/runtime_init.c.obj
                0x100014b0                runtime_init_install_ram_vector_table
 .text.runtime_init_clocks
                0x100014cc       0xd8 CMakeFiles/my_pico_firmware.dir/E_/ENTREPRENEURSHIP/summer2025embedded/Pico/pico-sdk/src/rp2_common/pico_runtime_init/runtime_init_clocks.c.obj
                0x100014cc                runtime_init_clocks
 .text          0x100015a4       0x10 CMakeFiles/my_pico_firmware.dir/E_/ENTREPRENEURSHIP/summer2025embedded/Pico/pico-sdk/src/rp2_common/pico_bit_ops/bit_ops_aeabi.S.obj
 .text.__wrap___aeabi_idiv
                0x100015b4       0x50 CMakeFiles/my_pico_firmware.dir/E_/ENTREPRENEURSHIP/summer2025embedded/Pico/pico-sdk/src/rp2_common/pico_divider/divider_hardware.S.obj
                0x100015b4                __wrap___aeabi_idivmod
                0x100015b4                divmod_s32s32
                0x100015b4                div_s32s32
                0x100015b4                __wrap___aeabi_idiv
                0x100015bc                divmod_s32s32_unsafe
                0x100015e8                divmod_s32s32_savestate
 .text.__wrap___aeabi_uidiv
                0x10001604       0x4c CMakeFiles/my_pico_firmware.dir/E_/ENTREPRENEURSHIP/summer2025embedded/Pico/pico-sdk/src/rp2_common/pico_divider/divider_hardware.S.obj
                0x10001604                __wrap___aeabi_uidiv
                0x10001604                __wrap___aeabi_uidivmod
                0x10001604                div_u32u32
                0x10001604                divmod_u32u32
                0x1000160c                divmod_u32u32_unsafe
                0x10001634                divmod_u32u32_savestate
 .text.__wrap___aeabi_ldiv
                0x10001650      0x424 CMakeFiles/my_pico_firmware.dir/E_/ENTREPRENEURSHIP/summer2025embedded/Pico/pico-sdk/src/rp2_common/pico_divider/divider_hardware.S.obj
                0x10001650                div_s64s64
                0x10001650                divmod_s64s64
                0x10001650                __wrap___aeabi_ldivmod
                0x10001680                divmod_u64u64
                0x10001680                div_u64u64
                0x10001680                __wrap___aeabi_uldivmod
                0x10001690                divmod_u64u64_savestate
                0x100016b0                divmod_s64s64_unsafe
                0x10001738                divmod_u64u64_unsafe
 .text.__wrap___aeabi_darithmetic
                0x10001a74       0x80 CMakeFiles/my_pico_firmware.dir/E_/ENTREPRENEURSHIP/summer2025embedded/Pico/pico-sdk/src/rp2_common/pico_double/double_aeabi_rp2040.S.obj
                0x10001a74                __wrap___aeabi_drsub
                0x10001a7a                __wrap___aeabi_dsub
                0x10001a8c                __wrap___aeabi_dadd
                0x10001a9e                __wrap___aeabi_ddiv
                0x10001ada                __wrap___aeabi_dmul
 .text.__wrap___aeabi_cdcmple
                0x10001af4       0x6c CMakeFiles/my_pico_firmware.dir/E_/ENTREPRENEURSHIP/summer2025embedded/Pico/pico-sdk/src/rp2_common/pico_double/double_aeabi_rp2040.S.obj
                0x10001af4                __wrap___aeabi_cdrcmple
                0x10001b04                __wrap___aeabi_cdcmpeq
                0x10001b04                __wrap___aeabi_cdcmple
 .text.__wrap___aeabi_dcmplt
                0x10001b60        0xc CMakeFiles/my_pico_firmware.dir/E_/ENTREPRENEURSHIP/summer2025embedded/Pico/pico-sdk/src/rp2_common/pico_double/double_aeabi_rp2040.S.obj
                0x10001b60                __wrap___aeabi_dcmplt
 .text.__wrap___aeabi_dcmple
                0x10001b6c       0x10 CMakeFiles/my_pico_firmware.dir/E_/ENTREPRENEURSHIP/summer2025embedded/Pico/pico-sdk/src/rp2_common/pico_double/double_aeabi_rp2040.S.obj
                0x10001b6c                __wrap___aeabi_dcmple
 .text.__wrap___aeabi_dcmpge
                0x10001b7c       0x10 CMakeFiles/my_pico_firmware.dir/E_/ENTREPRENEURSHIP/summer2025embedded/Pico/pico-sdk/src/rp2_common/pico_double/double_aeabi_rp2040.S.obj
                0x10001b7c                __wrap___aeabi_dcmpge
 .text.__wrap___aeabi_dcmpgt
                0x10001b8c        0xa CMakeFiles/my_pico_firmware.dir/E_/ENTREPRENEURSHIP/summer2025embedded/Pico/pico-sdk/src/rp2_common/pico_double/double_aeabi_rp2040.S.obj
                0x10001b8c                __wrap___aeabi_dcmpgt
 .text.__wrap___aeabi_dcmpun
                0x10001b96       0x18 CMakeFiles/my_pico_firmware.dir/E_/ENTREPRENEURSHIP/summer2025embedded/Pico/pico-sdk/src/rp2_common/pico_double/double_aeabi_rp2040.S.obj
                0x10001b96                __wrap___aeabi_dcmpun
 *fill*         0x10001bae        0x2 
 .text.__wrap___aeabi_i2d
                0x10001bb0       0x38 CMakeFiles/my_pico_firmware.dir/E_/ENTREPRENEURSHIP/summer2025embedded/Pico/pico-sdk/src/rp2_common/pico_double/double_aeabi_rp2040.S.obj
                0x10001bb0                uint2double
                0x10001bb0                __wrap___aeabi_ui2d
                0x10001bb8                int2double
                0x10001bb8                __wrap___aeabi_i2d
 .text.__wrap___aeabi_d2iz
                0x10001be8       0x48 CMakeFiles/my_pico_firmware.dir/E_/ENTREPRENEURSHIP/summer2025embedded/Pico/pico-sdk/src/rp2_common/pico_double/double_aeabi_rp2040.S.obj
                0x10001be8                double2int_z
                0x10001be8                __wrap___aeabi_d2iz
 .text.__wrap___aeabi_d2uiz
                0x10001c30       0x18 CMakeFiles/my_pico_firmware.dir/E_/ENTREPRENEURSHIP/summer2025embedded/Pico/pico-sdk/src/rp2_common/pico_double/double_aeabi_rp2040.S.obj
                0x10001c30                double2uint
                0x10001c30                __wrap___aeabi_d2uiz
                0x10001c30                double2uint_z
 .text.__aeabi_double_init
                0x10001c48       0xa0 CMakeFiles/my_pico_firmware.dir/E_/ENTREPRENEURSHIP/summer2025embedded/Pico/pico-sdk/src/rp2_common/pico_double/double_init_rom_rp2040.c.obj
                0x10001c48                __aeabi_double_init
 .text.double_table_shim_on_use_helper
                0x10001ce8       0x2c CMakeFiles/my_pico_firmware.dir/E_/ENTREPRENEURSHIP/summer2025embedded/Pico/pico-sdk/src/rp2_common/pico_double/double_v1_rom_shim_rp2040.S.obj
                0x10001ce8                double_table_shim_on_use_helper
 .text.__wrap___aeabi_dsub
                0x10001d14       0x10 CMakeFiles/my_pico_firmware.dir/E_/ENTREPRENEURSHIP/summer2025embedded/Pico/pico-sdk/src/rp2_common/pico_double/double_v1_rom_shim_rp2040.S.obj
                0x10001d14                drsub_shim
                0x10001d1a                dsub_shim
 .text.dadd_shim
                0x10001d24      0x15c CMakeFiles/my_pico_firmware.dir/E_/ENTREPRENEURSHIP/summer2025embedded/Pico/pico-sdk/src/rp2_common/pico_double/double_v1_rom_shim_rp2040.S.obj
                0x10001d24                dadd_shim
 .text.dmul_shim
                0x10001e80      0x15c CMakeFiles/my_pico_firmware.dir/E_/ENTREPRENEURSHIP/summer2025embedded/Pico/pico-sdk/src/rp2_common/pico_double/double_v1_rom_shim_rp2040.S.obj
                0x10001e80                dmul_shim
 .text.ddiv_shim
                0x10001fdc      0x1b0 CMakeFiles/my_pico_firmware.dir/E_/ENTREPRENEURSHIP/summer2025embedded/Pico/pico-sdk/src/rp2_common/pico_double/double_v1_rom_shim_rp2040.S.obj
                0x10001fdc                ddiv_shim
 .text.double2uint_shim
                0x1000218c        0xe CMakeFiles/my_pico_firmware.dir/E_/ENTREPRENEURSHIP/summer2025embedded/Pico/pico-sdk/src/rp2_common/pico_double/double_v1_rom_shim_rp2040.S.obj
                0x1000218c                double2uint_shim
                0x1000218e                double2ufix_shim
 *fill*         0x1000219a        0x2 
 .text.double2uint64_shim
                0x1000219c       0x70 CMakeFiles/my_pico_firmware.dir/E_/ENTREPRENEURSHIP/summer2025embedded/Pico/pico-sdk/src/rp2_common/pico_double/double_v1_rom_shim_rp2040.S.obj
                0x1000219c                double2uint64_shim
                0x1000219e                double2ufix64_shim
                0x100021be                d2fix_a
 .text.dunpacks
                0x1000220c       0x3c CMakeFiles/my_pico_firmware.dir/E_/ENTREPRENEURSHIP/summer2025embedded/Pico/pico-sdk/src/rp2_common/pico_double/double_v1_rom_shim_rp2040.S.obj
                0x1000220c                dunpacks
 .text.__aeabi_lmul
                0x10002248       0x32 CMakeFiles/my_pico_firmware.dir/E_/ENTREPRENEURSHIP/summer2025embedded/Pico/pico-sdk/src/rp2_common/pico_int64_ops/pico_int64_ops_aeabi.S.obj
                0x10002248                __wrap___aeabi_lmul
 *fill*         0x1000227a        0x2 
 .text.__aeabi_float_init
                0x1000227c       0x64 CMakeFiles/my_pico_firmware.dir/E_/ENTREPRENEURSHIP/summer2025embedded/Pico/pico-sdk/src/rp2_common/pico_float/float_init_rom_rp2040.c.obj
                0x1000227c                __aeabi_float_init
 .text.float_table_shim_on_use_helper
                0x100022e0       0x2c CMakeFiles/my_pico_firmware.dir/E_/ENTREPRENEURSHIP/summer2025embedded/Pico/pico-sdk/src/rp2_common/pico_float/float_v1_rom_shim_rp2040.S.obj
                0x100022e0                float_table_shim_on_use_helper
 .text          0x1000230c       0x10 CMakeFiles/my_pico_firmware.dir/E_/ENTREPRENEURSHIP/summer2025embedded/Pico/pico-sdk/src/rp2_common/pico_mem_ops/mem_ops_aeabi.S.obj
                0x1000230c                __aeabi_mem_init
 .text.memcpy   0x1000231c        0xc CMakeFiles/my_pico_firmware.dir/E_/ENTREPRENEURSHIP/summer2025embedded/Pico/pico-sdk/src/rp2_common/pico_mem_ops/mem_ops_aeabi.S.obj
                0x1000231c                __wrap_memcpy
                0x1000231c                __wrap___aeabi_memcpy
 .text._out_null
                0x10002328        0x4 CMakeFiles/my_pico_firmware.dir/E_/ENTREPRENEURSHIP/summer2025embedded/Pico/pico-sdk/src/rp2_common/pico_printf/printf.c.obj
 .text._out_rev
                0x1000232c       0x9c CMakeFiles/my_pico_firmware.dir/E_/ENTREPRENEURSHIP/summer2025embedded/Pico/pico-sdk/src/rp2_common/pico_printf/printf.c.obj
 .text._ntoa_format
                0x100023c8      0x1cc CMakeFiles/my_pico_firmware.dir/E_/ENTREPRENEURSHIP/summer2025embedded/Pico/pico-sdk/src/rp2_common/pico_printf/printf.c.obj
 .text._out_char
                0x10002594       0x10 CMakeFiles/my_pico_firmware.dir/E_/ENTREPRENEURSHIP/summer2025embedded/Pico/pico-sdk/src/rp2_common/pico_printf/printf.c.obj
 .text._out_fct
                0x100025a4       0x10 CMakeFiles/my_pico_firmware.dir/E_/ENTREPRENEURSHIP/summer2025embedded/Pico/pico-sdk/src/rp2_common/pico_printf/printf.c.obj
 .text._etoa    0x100025b4      0x44c CMakeFiles/my_pico_firmware.dir/E_/ENTREPRENEURSHIP/summer2025embedded/Pico/pico-sdk/src/rp2_common/pico_printf/printf.c.obj
 .text._ftoa    0x10002a00      0x398 CMakeFiles/my_pico_firmware.dir/E_/ENTREPRENEURSHIP/summer2025embedded/Pico/pico-sdk/src/rp2_common/pico_printf/printf.c.obj
 .text._vsnprintf
                0x10002d98      0xb04 CMakeFiles/my_pico_firmware.dir/E_/ENTREPRENEURSHIP/summer2025embedded/Pico/pico-sdk/src/rp2_common/pico_printf/printf.c.obj
 .text.vfctprintf
                0x1000389c       0x20 CMakeFiles/my_pico_firmware.dir/E_/ENTREPRENEURSHIP/summer2025embedded/Pico/pico-sdk/src/rp2_common/pico_printf/printf.c.obj
                0x1000389c                vfctprintf
 .text.weak_raw_vprintf
                0x100038bc       0x30 CMakeFiles/my_pico_firmware.dir/E_/ENTREPRENEURSHIP/summer2025embedded/Pico/pico-sdk/src/rp2_common/pico_printf/printf.c.obj
                0x100038bc                weak_raw_vprintf
 .text._exit    0x100038ec        0x4 CMakeFiles/my_pico_firmware.dir/E_/ENTREPRENEURSHIP/summer2025embedded/Pico/pico-sdk/src/rp2_common/pico_clib_interface/newlib_interface.c.obj
                0x100038ec                _exit
 .text.exit     0x100038f0        0x8 CMakeFiles/my_pico_firmware.dir/E_/ENTREPRENEURSHIP/summer2025embedded/Pico/pico-sdk/src/rp2_common/pico_clib_interface/newlib_interface.c.obj
                0x100038f0                exit
 .text.runtime_init
                0x100038f8       0x2c CMakeFiles/my_pico_firmware.dir/E_/ENTREPRENEURSHIP/summer2025embedded/Pico/pico-sdk/src/rp2_common/pico_clib_interface/newlib_interface.c.obj
                0x100038f8                runtime_init
 .text.stdio_out_chars_no_crlf
                0x10003924       0x10 CMakeFiles/my_pico_firmware.dir/E_/ENTREPRENEURSHIP/summer2025embedded/Pico/pico-sdk/src/rp2_common/pico_stdio/stdio.c.obj
 .text.stdio_out_chars_crlf
                0x10003934       0xb4 CMakeFiles/my_pico_firmware.dir/E_/ENTREPRENEURSHIP/summer2025embedded/Pico/pico-sdk/src/rp2_common/pico_stdio/stdio.c.obj
 .text.stdio_buffered_printer
                0x100039e8       0x64 CMakeFiles/my_pico_firmware.dir/E_/ENTREPRENEURSHIP/summer2025embedded/Pico/pico-sdk/src/rp2_common/pico_stdio/stdio.c.obj
 .text.stdio_put_string
                0x10003a4c      0x100 CMakeFiles/my_pico_firmware.dir/E_/ENTREPRENEURSHIP/summer2025embedded/Pico/pico-sdk/src/rp2_common/pico_stdio/stdio.c.obj
                0x10003a4c                stdio_put_string
 .text.stdio_set_driver_enabled
                0x10003b4c       0x30 CMakeFiles/my_pico_firmware.dir/E_/ENTREPRENEURSHIP/summer2025embedded/Pico/pico-sdk/src/rp2_common/pico_stdio/stdio.c.obj
                0x10003b4c                stdio_set_driver_enabled
 .text.stdio_init_all
                0x10003b7c        0xc CMakeFiles/my_pico_firmware.dir/E_/ENTREPRENEURSHIP/summer2025embedded/Pico/pico-sdk/src/rp2_common/pico_stdio/stdio.c.obj
                0x10003b7c                stdio_init_all
 .text.__wrap_putchar
                0x10003b88       0x98 CMakeFiles/my_pico_firmware.dir/E_/ENTREPRENEURSHIP/summer2025embedded/Pico/pico-sdk/src/rp2_common/pico_stdio/stdio.c.obj
                0x10003b88                __wrap_putchar
                0x10003b88                stdio_putchar
 .text.__wrap_puts
                0x10003c20       0x3c CMakeFiles/my_pico_firmware.dir/E_/ENTREPRENEURSHIP/summer2025embedded/Pico/pico-sdk/src/rp2_common/pico_stdio/stdio.c.obj
                0x10003c20                stdio_puts
                0x10003c20                __wrap_puts
 .text.__wrap_vprintf
                0x10003c5c       0xd8 CMakeFiles/my_pico_firmware.dir/E_/ENTREPRENEURSHIP/summer2025embedded/Pico/pico-sdk/src/rp2_common/pico_stdio/stdio.c.obj
                0x10003c5c                stdio_vprintf
                0x10003c5c                __wrap_vprintf
 .text.__wrap_printf
                0x10003d34       0x18 CMakeFiles/my_pico_firmware.dir/E_/ENTREPRENEURSHIP/summer2025embedded/Pico/pico-sdk/src/rp2_common/pico_stdio/stdio.c.obj
                0x10003d34                __wrap_printf
                0x10003d34                stdio_printf
 .text.stdio_uart_out_chars
                0x10003d4c       0x4c CMakeFiles/my_pico_firmware.dir/E_/ENTREPRENEURSHIP/summer2025embedded/Pico/pico-sdk/src/rp2_common/pico_stdio_uart/stdio_uart.c.obj
 .text.stdio_uart_in_chars
                0x10003d98       0x84 CMakeFiles/my_pico_firmware.dir/E_/ENTREPRENEURSHIP/summer2025embedded/Pico/pico-sdk/src/rp2_common/pico_stdio_uart/stdio_uart.c.obj
                0x10003d98                stdio_uart_in_chars
 .text.on_uart_rx
                0x10003e1c       0x28 CMakeFiles/my_pico_firmware.dir/E_/ENTREPRENEURSHIP/summer2025embedded/Pico/pico-sdk/src/rp2_common/pico_stdio_uart/stdio_uart.c.obj
 .text.stdio_uart_out_flush
                0x10003e44       0x14 CMakeFiles/my_pico_firmware.dir/E_/ENTREPRENEURSHIP/summer2025embedded/Pico/pico-sdk/src/rp2_common/pico_stdio_uart/stdio_uart.c.obj
 .text.stdio_uart_set_chars_available_callback
                0x10003e58       0x88 CMakeFiles/my_pico_firmware.dir/E_/ENTREPRENEURSHIP/summer2025embedded/Pico/pico-sdk/src/rp2_common/pico_stdio_uart/stdio_uart.c.obj
 .text.stdio_uart_init
                0x10003ee0       0x50 CMakeFiles/my_pico_firmware.dir/E_/ENTREPRENEURSHIP/summer2025embedded/Pico/pico-sdk/src/rp2_common/pico_stdio_uart/stdio_uart.c.obj
                0x10003ee0                stdio_uart_init
 .text.adc_init
                0x10003f30       0x38 CMakeFiles/my_pico_firmware.dir/E_/ENTREPRENEURSHIP/summer2025embedded/Pico/pico-sdk/src/rp2_common/hardware_adc/adc.c.obj
                0x10003f30                adc_init
 .text.strlen   0x10003f68       0x5c c:/progra~2/gnuarm~1/102021~1.10/bin/../lib/gcc/arm-none-eabi/10.3.1/../../../../arm-none-eabi/lib/thumb/v6-m/nofp\libg.a(lib_a-strlen-stub.o)
                0x10003f68                strlen
 *(.fini)
 .fini          0x10003fc4        0x4 c:/progra~2/gnuarm~1/102021~1.10/bin/../lib/gcc/arm-none-eabi/10.3.1/thumb/v6-m/nofp/crti.o
                0x10003fc4                _fini
 .fini.__stub   0x10003fc8       0x40 linker stubs
 *crtbegin.o(.ctors)
 *crtbegin?.o(.ctors)
 *(EXCLUDE_FILE(*crtend.o *crtend?.o) .ctors)
 *(SORT_BY_NAME(.ctors.*))
 *(.ctors)
 *crtbegin.o(.dtors)
 *crtbegin?.o(.dtors)
 *(EXCLUDE_FILE(*crtend.o *crtend?.o) .dtors)
 *(SORT_BY_NAME(.dtors.*))
 *(.dtors)
                0x10004008                . = ALIGN (0x4)
                0x10004008                PROVIDE (__preinit_array_start = .)
 *(SORT_BY_NAME(.preinit_array.*))
 .preinit_array.00100
                0x10004008        0x4 CMakeFiles/my_pico_firmware.dir/E_/ENTREPRENEURSHIP/summer2025embedded/Pico/pico-sdk/src/rp2_common/pico_runtime_init/runtime_init.c.obj
                0x10004008                __pre_init_runtime_init_early_resets
 .preinit_array.00101
                0x1000400c        0x4 CMakeFiles/my_pico_firmware.dir/E_/ENTREPRENEURSHIP/summer2025embedded/Pico/pico-sdk/src/rp2_common/pico_runtime_init/runtime_init.c.obj
                0x1000400c                __pre_init_runtime_init_usb_power_down
 .preinit_array.00275
                0x10004010        0x4 CMakeFiles/my_pico_firmware.dir/E_/ENTREPRENEURSHIP/summer2025embedded/Pico/pico-sdk/src/rp2_common/pico_bit_ops/bit_ops_aeabi.S.obj
 .preinit_array.00300
                0x10004014        0x4 CMakeFiles/my_pico_firmware.dir/E_/ENTREPRENEURSHIP/summer2025embedded/Pico/pico-sdk/src/rp2_common/pico_mem_ops/mem_ops_aeabi.S.obj
 .preinit_array.00350
                0x10004018        0x4 CMakeFiles/my_pico_firmware.dir/E_/ENTREPRENEURSHIP/summer2025embedded/Pico/pico-sdk/src/rp2_common/pico_double/double_aeabi_rp2040.S.obj
 .preinit_array.00350
                0x1000401c        0x4 CMakeFiles/my_pico_firmware.dir/E_/ENTREPRENEURSHIP/summer2025embedded/Pico/pico-sdk/src/rp2_common/pico_float/float_aeabi_rp2040.S.obj
 .preinit_array.00500
                0x10004020        0x4 CMakeFiles/my_pico_firmware.dir/E_/ENTREPRENEURSHIP/summer2025embedded/Pico/pico-sdk/src/rp2_common/pico_runtime_init/runtime_init.c.obj
                0x10004020                __pre_init_runtime_init_clocks
 .preinit_array.00600
                0x10004024        0x4 CMakeFiles/my_pico_firmware.dir/E_/ENTREPRENEURSHIP/summer2025embedded/Pico/pico-sdk/src/rp2_common/pico_runtime_init/runtime_init.c.obj
                0x10004024                __pre_init_runtime_init_post_clock_resets
 .preinit_array.00700
                0x10004028        0x4 CMakeFiles/my_pico_firmware.dir/E_/ENTREPRENEURSHIP/summer2025embedded/Pico/pico-sdk/src/rp2_common/pico_runtime_init/runtime_init.c.obj
                0x10004028                __pre_init_runtime_init_rp2040_gpio_ie_disable
 .preinit_array.01000
                0x1000402c        0x4 CMakeFiles/my_pico_firmware.dir/E_/ENTREPRENEURSHIP/summer2025embedded/Pico/pico-sdk/src/rp2_common/pico_runtime_init/runtime_init.c.obj
                0x1000402c                __pre_init_runtime_init_spin_locks_reset
 .preinit_array.01100
                0x10004030        0x4 CMakeFiles/my_pico_firmware.dir/E_/ENTREPRENEURSHIP/summer2025embedded/Pico/pico-sdk/src/common/pico_sync/mutex.c.obj
                0x10004030                __pre_init_runtime_init_mutex
 .preinit_array.10080
                0x10004034        0x4 CMakeFiles/my_pico_firmware.dir/E_/ENTREPRENEURSHIP/summer2025embedded/Pico/pico-sdk/src/rp2_common/pico_runtime_init/runtime_init.c.obj
                0x10004034                __pre_init_runtime_init_install_ram_vector_table
 .preinit_array.11000
                0x10004038        0x4 CMakeFiles/my_pico_firmware.dir/E_/ENTREPRENEURSHIP/summer2025embedded/Pico/pico-sdk/src/common/pico_time/time.c.obj
                0x10004038                __pre_init_runtime_init_default_alarm_pool
 .preinit_array.YYYYY
                0x1000403c        0x4 CMakeFiles/my_pico_firmware.dir/E_/ENTREPRENEURSHIP/summer2025embedded/Pico/pico-sdk/src/rp2_common/pico_runtime/runtime.c.obj
                0x1000403c                __pre_init_first_per_core_initializer
 .preinit_array.ZZZZZ.01200
                0x10004040        0x4 CMakeFiles/my_pico_firmware.dir/E_/ENTREPRENEURSHIP/summer2025embedded/Pico/pico-sdk/src/rp2_common/hardware_irq/irq.c.obj
                0x10004040                __pre_init_runtime_init_per_core_irq_priorities
 *(.preinit_array)
                0x10004044                PROVIDE (__preinit_array_end = .)
                0x10004044                . = ALIGN (0x4)
                0x10004044                PROVIDE (__init_array_start = .)
 *(SORT_BY_NAME(.init_array.*))
 *(.init_array)
 .init_array    0x10004044        0x4 c:/progra~2/gnuarm~1/102021~1.10/bin/../lib/gcc/arm-none-eabi/10.3.1/thumb/v6-m/nofp/crtbegin.o
                0x10004048                PROVIDE (__init_array_end = .)
                0x10004048                . = ALIGN (0x4)
                [!provide]                PROVIDE (__fini_array_start = .)
 *(SORT_BY_NAME(.fini_array.*))
 *(.fini_array)
                [!provide]                PROVIDE (__fini_array_end = .)
 *(.eh_frame*)
 .eh_frame      0x10004048        0x0 c:/progra~2/gnuarm~1/102021~1.10/bin/../lib/gcc/arm-none-eabi/10.3.1/thumb/v6-m/nofp/crtbegin.o
                0x10004048                . = ALIGN (0x4)

.glue_7         0x10004048        0x0
 .glue_7        0x10004048        0x0 linker stubs

.glue_7t        0x10004048        0x0
 .glue_7t       0x10004048        0x0 linker stubs

.vfp11_veneer   0x10004048        0x0
 .vfp11_veneer  0x10004048        0x0 linker stubs

.v4_bx          0x10004048        0x0
 .v4_bx         0x10004048        0x0 linker stubs

.iplt           0x10004048        0x0
 .iplt          0x10004048        0x0 c:/progra~2/gnuarm~1/102021~1.10/bin/../lib/gcc/arm-none-eabi/10.3.1/thumb/v6-m/nofp/crtbegin.o

.rodata         0x10004048      0x38c
 *(EXCLUDE_FILE(*libm.a: *libc.a:*lib_a-mem*.o *libgcc.a:) .rodata*)
 .rodata.main.str1.4
                0x10004048       0x11 CMakeFiles/my_pico_firmware.dir/d1embed.cpp.obj
 *fill*         0x10004059        0x3 
 .rodata.panic.str1.4
                0x1000405c       0x12 CMakeFiles/my_pico_firmware.dir/E_/ENTREPRENEURSHIP/summer2025embedded/Pico/pico-sdk/src/rp2_common/pico_platform_panic/panic.c.obj
 *fill*         0x1000406e        0x2 
 .rodata.timer_hardware_alarm_claim.str1.4
                0x10004070       0x22 CMakeFiles/my_pico_firmware.dir/E_/ENTREPRENEURSHIP/summer2025embedded/Pico/pico-sdk/src/rp2_common/hardware_timer/timer.c.obj
 *fill*         0x10004092        0x2 
 .rodata.hard_assertion_failure.str1.4
                0x10004094        0xc CMakeFiles/my_pico_firmware.dir/E_/ENTREPRENEURSHIP/summer2025embedded/Pico/pico-sdk/src/rp2_common/pico_runtime/runtime.c.obj
 .rodata.str1.4
                0x100040a0       0x48 CMakeFiles/my_pico_firmware.dir/E_/ENTREPRENEURSHIP/summer2025embedded/Pico/pico-sdk/src/rp2_common/pico_standard_binary_info/standard_binary_info.c.obj
 .rodata.__bi_26
                0x100040e8        0xc CMakeFiles/my_pico_firmware.dir/E_/ENTREPRENEURSHIP/summer2025embedded/Pico/pico-sdk/src/rp2_common/pico_standard_binary_info/standard_binary_info.c.obj
 .rodata.__bi_34
                0x100040f4        0xc CMakeFiles/my_pico_firmware.dir/E_/ENTREPRENEURSHIP/summer2025embedded/Pico/pico-sdk/src/rp2_common/pico_standard_binary_info/standard_binary_info.c.obj
 .rodata.__bi_42
                0x10004100        0xc CMakeFiles/my_pico_firmware.dir/E_/ENTREPRENEURSHIP/summer2025embedded/Pico/pico-sdk/src/rp2_common/pico_standard_binary_info/standard_binary_info.c.obj
 .rodata.__bi_48
                0x1000410c        0xc CMakeFiles/my_pico_firmware.dir/E_/ENTREPRENEURSHIP/summer2025embedded/Pico/pico-sdk/src/rp2_common/pico_standard_binary_info/standard_binary_info.c.obj
 .rodata.__bi_54
                0x10004118        0xc CMakeFiles/my_pico_firmware.dir/E_/ENTREPRENEURSHIP/summer2025embedded/Pico/pico-sdk/src/rp2_common/pico_standard_binary_info/standard_binary_info.c.obj
 .rodata.__bi_78
                0x10004124        0xc CMakeFiles/my_pico_firmware.dir/E_/ENTREPRENEURSHIP/summer2025embedded/Pico/pico-sdk/src/rp2_common/pico_standard_binary_info/standard_binary_info.c.obj
 .rodata.__bi_84
                0x10004130        0xc CMakeFiles/my_pico_firmware.dir/E_/ENTREPRENEURSHIP/summer2025embedded/Pico/pico-sdk/src/rp2_common/pico_standard_binary_info/standard_binary_info.c.obj
 .rodata._ftoa.str1.4
                0x1000413c       0x15 CMakeFiles/my_pico_firmware.dir/E_/ENTREPRENEURSHIP/summer2025embedded/Pico/pico-sdk/src/rp2_common/pico_printf/printf.c.obj
 *fill*         0x10004151        0x3 
 .rodata._vsnprintf
                0x10004154      0x1e0 CMakeFiles/my_pico_firmware.dir/E_/ENTREPRENEURSHIP/summer2025embedded/Pico/pico-sdk/src/rp2_common/pico_printf/printf.c.obj
 *fill*         0x10004334        0x4 
 .rodata.pow10.0
                0x10004338       0x50 CMakeFiles/my_pico_firmware.dir/E_/ENTREPRENEURSHIP/summer2025embedded/Pico/pico-sdk/src/rp2_common/pico_printf/printf.c.obj
 .rodata.crlf_str.0
                0x10004388        0x2 CMakeFiles/my_pico_firmware.dir/E_/ENTREPRENEURSHIP/summer2025embedded/Pico/pico-sdk/src/rp2_common/pico_stdio/stdio.c.obj
 *fill*         0x1000438a        0x2 
 .rodata.str1.4
                0x1000438c       0x2c CMakeFiles/my_pico_firmware.dir/E_/ENTREPRENEURSHIP/summer2025embedded/Pico/pico-sdk/src/rp2_common/pico_stdio_uart/stdio_uart.c.obj
 .rodata.__bi_45.4
                0x100043b8        0xc CMakeFiles/my_pico_firmware.dir/E_/ENTREPRENEURSHIP/summer2025embedded/Pico/pico-sdk/src/rp2_common/pico_stdio_uart/stdio_uart.c.obj
 .rodata.__bi_49.5
                0x100043c4        0x8 CMakeFiles/my_pico_firmware.dir/E_/ENTREPRENEURSHIP/summer2025embedded/Pico/pico-sdk/src/rp2_common/pico_stdio_uart/stdio_uart.c.obj
 .rodata.__bi_50.6
                0x100043cc        0x8 CMakeFiles/my_pico_firmware.dir/E_/ENTREPRENEURSHIP/summer2025embedded/Pico/pico-sdk/src/rp2_common/pico_stdio_uart/stdio_uart.c.obj
                0x100043d4                . = ALIGN (0x4)
 *(SORT_BY_ALIGNMENT(SORT_BY_NAME(.flashdata*)))
                0x100043d4                . = ALIGN (0x4)

.ARM.extab
 *(.ARM.extab* .gnu.linkonce.armextab.*)
                0x100043d4                __exidx_start = .

.ARM.exidx
 *(.ARM.exidx* .gnu.linkonce.armexidx.*)
                0x100043d4                __exidx_end = .
                0x100043d4                . = ALIGN (0x4)
                0x100043d4                __binary_info_start = .

.binary_info    0x100043d4       0x28
 *(.binary_info.keep.*)
 .binary_info.keep.__bi_ptr26
                0x100043d4        0x4 CMakeFiles/my_pico_firmware.dir/E_/ENTREPRENEURSHIP/summer2025embedded/Pico/pico-sdk/src/rp2_common/pico_standard_binary_info/standard_binary_info.c.obj
 .binary_info.keep.__bi_ptr34
                0x100043d8        0x4 CMakeFiles/my_pico_firmware.dir/E_/ENTREPRENEURSHIP/summer2025embedded/Pico/pico-sdk/src/rp2_common/pico_standard_binary_info/standard_binary_info.c.obj
 .binary_info.keep.__bi_ptr42
                0x100043dc        0x4 CMakeFiles/my_pico_firmware.dir/E_/ENTREPRENEURSHIP/summer2025embedded/Pico/pico-sdk/src/rp2_common/pico_standard_binary_info/standard_binary_info.c.obj
 .binary_info.keep.__bi_ptr48
                0x100043e0        0x4 CMakeFiles/my_pico_firmware.dir/E_/ENTREPRENEURSHIP/summer2025embedded/Pico/pico-sdk/src/rp2_common/pico_standard_binary_info/standard_binary_info.c.obj
 .binary_info.keep.__bi_ptr54
                0x100043e4        0x4 CMakeFiles/my_pico_firmware.dir/E_/ENTREPRENEURSHIP/summer2025embedded/Pico/pico-sdk/src/rp2_common/pico_standard_binary_info/standard_binary_info.c.obj
 .binary_info.keep.__bi_ptr78
                0x100043e8        0x4 CMakeFiles/my_pico_firmware.dir/E_/ENTREPRENEURSHIP/summer2025embedded/Pico/pico-sdk/src/rp2_common/pico_standard_binary_info/standard_binary_info.c.obj
 .binary_info.keep.__bi_ptr84
                0x100043ec        0x4 CMakeFiles/my_pico_firmware.dir/E_/ENTREPRENEURSHIP/summer2025embedded/Pico/pico-sdk/src/rp2_common/pico_standard_binary_info/standard_binary_info.c.obj
 *(.binary_info.*)
 .binary_info.__bi_ptr45
                0x100043f0        0x4 CMakeFiles/my_pico_firmware.dir/E_/ENTREPRENEURSHIP/summer2025embedded/Pico/pico-sdk/src/rp2_common/pico_stdio_uart/stdio_uart.c.obj
 .binary_info.__bi_ptr49
                0x100043f4        0x4 CMakeFiles/my_pico_firmware.dir/E_/ENTREPRENEURSHIP/summer2025embedded/Pico/pico-sdk/src/rp2_common/pico_stdio_uart/stdio_uart.c.obj
 .binary_info.__bi_ptr50
                0x100043f8        0x4 CMakeFiles/my_pico_firmware.dir/E_/ENTREPRENEURSHIP/summer2025embedded/Pico/pico-sdk/src/rp2_common/pico_stdio_uart/stdio_uart.c.obj
                0x100043fc                __binary_info_end = .

.rel.dyn        0x100043fc        0x0
 .rel.iplt      0x100043fc        0x0 c:/progra~2/gnuarm~1/102021~1.10/bin/../lib/gcc/arm-none-eabi/10.3.1/thumb/v6-m/nofp/crtbegin.o
                0x100043fc                . = ALIGN (0x4)

.ram_vector_table
                0x20000000       0xc0
 *(.ram_vector_table)
 .ram_vector_table
                0x20000000       0xc0 CMakeFiles/my_pico_firmware.dir/E_/ENTREPRENEURSHIP/summer2025embedded/Pico/pico-sdk/src/rp2_common/pico_runtime_init/runtime_init.c.obj
                0x20000000                ram_vector_table

.uninitialized_data
                0x200000c0        0x0
                0x200000c0                . = ALIGN (0x4)
 *(.uninitialized_data*)

.data           0x200000c0      0x180 load address 0x100043fc
                0x200000c0                __data_start__ = .
 *(vtable)
 *(.time_critical*)
 .time_critical.mutex_try_enter_block_until
                0x200000c0       0x9c CMakeFiles/my_pico_firmware.dir/E_/ENTREPRENEURSHIP/summer2025embedded/Pico/pico-sdk/src/common/pico_sync/mutex.c.obj
                0x200000c0                mutex_try_enter_block_until
 .time_critical.mutex_exit
                0x2000015c       0x28 CMakeFiles/my_pico_firmware.dir/E_/ENTREPRENEURSHIP/summer2025embedded/Pico/pico-sdk/src/common/pico_sync/mutex.c.obj
                0x2000015c                mutex_exit
 *(.text*)
 .text          0x20000184        0x4 c:/progra~2/gnuarm~1/102021~1.10/bin/../lib/gcc/arm-none-eabi/10.3.1/thumb/v6-m/nofp\libgcc.a(_dvmd_tls.o)
                0x20000184                __aeabi_idiv0
                0x20000184                __aeabi_ldiv0
 .text.__stub   0x20000188       0x10 linker stubs
                0x20000198                . = ALIGN (0x4)
 *(.rodata*)
                0x20000198                . = ALIGN (0x4)
 *(.data*)
 .data.striped_spin_lock_num
                0x20000198        0x1 CMakeFiles/my_pico_firmware.dir/E_/ENTREPRENEURSHIP/summer2025embedded/Pico/pico-sdk/src/rp2_common/hardware_sync/sync.c.obj
 *fill*         0x20000199        0x3 
 .data          0x2000019c       0x48 CMakeFiles/my_pico_firmware.dir/E_/ENTREPRENEURSHIP/summer2025embedded/Pico/pico-sdk/src/rp2_common/hardware_irq/irq_handler_chain.S.obj
                0x2000019c                irq_handler_chain_slots
                0x200001cc                irq_handler_chain_first_slot
                0x200001d6                irq_handler_chain_remove_tail
 .data.default_alarm_pool
                0x200001e4       0x18 CMakeFiles/my_pico_firmware.dir/E_/ENTREPRENEURSHIP/summer2025embedded/Pico/pico-sdk/src/common/pico_time/time.c.obj
 *fill*         0x200001fc        0x4 
 .data.aeabi_bits_funcs
                0x20000200       0x10 CMakeFiles/my_pico_firmware.dir/E_/ENTREPRENEURSHIP/summer2025embedded/Pico/pico-sdk/src/rp2_common/pico_bit_ops/bit_ops_aeabi.S.obj
                0x20000200                aeabi_bits_funcs
                0x20000210                aeabi_bits_funcs_end
 .data.aeabi_mem_funcs
                0x20000210       0x10 CMakeFiles/my_pico_firmware.dir/E_/ENTREPRENEURSHIP/summer2025embedded/Pico/pico-sdk/src/rp2_common/pico_mem_ops/mem_ops_aeabi.S.obj
                0x20000210                aeabi_mem_funcs
                0x20000220                aeabi_mem_funcs_end
 .data.stdio_uart
                0x20000220       0x18 CMakeFiles/my_pico_firmware.dir/E_/ENTREPRENEURSHIP/summer2025embedded/Pico/pico-sdk/src/rp2_common/pico_stdio_uart/stdio_uart.c.obj
                0x20000220                stdio_uart
                0x20000238                . = ALIGN (0x4)
 *(.after_data.*)
                0x20000238                . = ALIGN (0x4)
                0x20000238                PROVIDE (__mutex_array_start = .)
 *(SORT_BY_NAME(.mutex_array.*))
 *(.mutex_array)
 .mutex_array   0x20000238        0x8 CMakeFiles/my_pico_firmware.dir/E_/ENTREPRENEURSHIP/summer2025embedded/Pico/pico-sdk/src/rp2_common/pico_stdio/stdio.c.obj
                0x20000240                PROVIDE (__mutex_array_end = .)
                0x20000240                . = ALIGN (0x4)
 *(.jcr)
                0x20000240                . = ALIGN (0x4)

.igot.plt       0x20000240        0x0 load address 0x1000457c
 .igot.plt      0x20000240        0x0 c:/progra~2/gnuarm~1/102021~1.10/bin/../lib/gcc/arm-none-eabi/10.3.1/thumb/v6-m/nofp/crtbegin.o

.tdata          0x20000240        0x0 load address 0x1000457c
                0x20000240                . = ALIGN (0x4)
 *(.tdata .tdata.* .gnu.linkonce.td.*)
                0x20000240                __tdata_end = .
                0x20000240                PROVIDE (__data_end__ = .)
                0x100043fc                __etext = LOADADDR (.data)

.tbss           0x20000240        0x0 load address 0x1000457c
                0x20000240                . = ALIGN (0x4)
                0x20000240                __bss_start__ = .
                0x20000240                __tls_base = .
 *(.tbss .tbss.* .gnu.linkonce.tb.*)
 *(.tcommon)
                0x20000240                __tls_end = .

.bss            0x20000240      0x400 load address 0x1000457c
                0x20000240                . = ALIGN (0x4)
                0x20000240                __tbss_end = .
 *(SORT_BY_ALIGNMENT(SORT_BY_NAME(.bss*)))
 .bss.default_alarm_pool_entries
                0x20000240      0x180 CMakeFiles/my_pico_firmware.dir/E_/ENTREPRENEURSHIP/summer2025embedded/Pico/pico-sdk/src/common/pico_time/time.c.obj
 .bss.sd_table  0x200003c0      0x100 CMakeFiles/my_pico_firmware.dir/E_/ENTREPRENEURSHIP/summer2025embedded/Pico/pico-sdk/src/rp2_common/pico_double/double_init_rom_rp2040.c.obj
                0x200003c0                sd_table
 .bss.sf_table  0x200004c0      0x100 CMakeFiles/my_pico_firmware.dir/E_/ENTREPRENEURSHIP/summer2025embedded/Pico/pico-sdk/src/rp2_common/pico_float/float_init_rom_rp2040.c.obj
                0x200004c0                sf_table
 .bss           0x200005c0       0x1c c:/progra~2/gnuarm~1/102021~1.10/bin/../lib/gcc/arm-none-eabi/10.3.1/thumb/v6-m/nofp/crtbegin.o
 .bss.chars_available_callback
                0x200005dc        0x4 CMakeFiles/my_pico_firmware.dir/E_/ENTREPRENEURSHIP/summer2025embedded/Pico/pico-sdk/src/rp2_common/pico_stdio_uart/stdio_uart.c.obj
 .bss.chars_available_param
                0x200005e0        0x4 CMakeFiles/my_pico_firmware.dir/E_/ENTREPRENEURSHIP/summer2025embedded/Pico/pico-sdk/src/rp2_common/pico_stdio_uart/stdio_uart.c.obj
 .bss.claimed   0x200005e4        0x1 CMakeFiles/my_pico_firmware.dir/E_/ENTREPRENEURSHIP/summer2025embedded/Pico/pico-sdk/src/rp2_common/hardware_timer/timer.c.obj
 *fill*         0x200005e5        0x3 
 .bss.configured_freq
                0x200005e8       0x28 CMakeFiles/my_pico_firmware.dir/E_/ENTREPRENEURSHIP/summer2025embedded/Pico/pico-sdk/src/rp2_common/hardware_clocks/clocks.c.obj
 .bss.drivers   0x20000610        0x4 CMakeFiles/my_pico_firmware.dir/E_/ENTREPRENEURSHIP/summer2025embedded/Pico/pico-sdk/src/rp2_common/pico_stdio/stdio.c.obj
 .bss.filter    0x20000614        0x4 CMakeFiles/my_pico_firmware.dir/E_/ENTREPRENEURSHIP/summer2025embedded/Pico/pico-sdk/src/rp2_common/pico_stdio/stdio.c.obj
 .bss.lazy_vsnprintf
                0x20000618        0x4 CMakeFiles/my_pico_firmware.dir/E_/ENTREPRENEURSHIP/summer2025embedded/Pico/pico-sdk/src/rp2_common/pico_printf/printf.c.obj
 .bss.pools     0x2000061c       0x10 CMakeFiles/my_pico_firmware.dir/E_/ENTREPRENEURSHIP/summer2025embedded/Pico/pico-sdk/src/common/pico_time/time.c.obj
 .bss.sf_clz_func
                0x2000062c        0x4 CMakeFiles/my_pico_firmware.dir/E_/ENTREPRENEURSHIP/summer2025embedded/Pico/pico-sdk/src/rp2_common/pico_double/double_init_rom_rp2040.c.obj
                0x2000062c                sf_clz_func
 .bss.sleep_notifier
                0x20000630        0x4 CMakeFiles/my_pico_firmware.dir/E_/ENTREPRENEURSHIP/summer2025embedded/Pico/pico-sdk/src/common/pico_time/time.c.obj
 .bss.uart_char_to_line_feed
                0x20000634        0x4 CMakeFiles/my_pico_firmware.dir/E_/ENTREPRENEURSHIP/summer2025embedded/Pico/pico-sdk/src/rp2_common/hardware_uart/uart.c.obj
                0x20000634                uart_char_to_line_feed
 .bss.uart_instance
                0x20000638        0x4 CMakeFiles/my_pico_firmware.dir/E_/ENTREPRENEURSHIP/summer2025embedded/Pico/pico-sdk/src/rp2_common/pico_stdio_uart/stdio_uart.c.obj
 .bss.irq_handler_chain_free_slot_head
                0x2000063c        0x1 CMakeFiles/my_pico_firmware.dir/E_/ENTREPRENEURSHIP/summer2025embedded/Pico/pico-sdk/src/rp2_common/hardware_irq/irq.c.obj
 *(COMMON)
                0x20000640                . = ALIGN (0x4)
 *fill*         0x2000063d        0x3 
                0x20000640                __bss_end__ = .

.heap           0x20000640      0x800 load address 0x1000457c
                0x20000640                __end__ = .
                0x20000640                end = __end__
 *(.heap*)
 .heap          0x20000640      0x800 CMakeFiles/my_pico_firmware.dir/E_/ENTREPRENEURSHIP/summer2025embedded/Pico/pico-sdk/src/rp2_common/pico_crt0/crt0.S.obj
                0x20040000                __HeapLimit = (ORIGIN (RAM) + LENGTH (RAM))

.scratch_x      0x20040000        0x0 load address 0x1000457c
                0x20040000                __scratch_x_start__ = .
 *(.scratch_x.*)
                0x20040000                . = ALIGN (0x4)
                0x20040000                __scratch_x_end__ = .
                0x1000457c                __scratch_x_source__ = LOADADDR (.scratch_x)

.scratch_y      0x20041000        0x0 load address 0x1000457c
                0x20041000                __scratch_y_start__ = .
 *(.scratch_y.*)
                0x20041000                . = ALIGN (0x4)
                0x20041000                __scratch_y_end__ = .
                0x1000457c                __scratch_y_source__ = LOADADDR (.scratch_y)

.stack1_dummy   0x20040000        0x0
 *(.stack1*)

.stack_dummy    0x20041000      0x800
 *(.stack*)
 .stack         0x20041000      0x800 CMakeFiles/my_pico_firmware.dir/E_/ENTREPRENEURSHIP/summer2025embedded/Pico/pico-sdk/src/rp2_common/pico_crt0/crt0.S.obj

.flash_end      0x1000457c        0x0
 *(.embedded_end_block*)
                0x1000457c                PROVIDE (__flash_binary_end = .)
                0x20040000                __StackLimit = (ORIGIN (RAM) + LENGTH (RAM))
                0x20041000                __StackOneTop = (ORIGIN (SCRATCH_X) + LENGTH (SCRATCH_X))
                0x20042000                __StackTop = (ORIGIN (SCRATCH_Y) + LENGTH (SCRATCH_Y))
                0x20041000                __StackOneBottom = (__StackOneTop - SIZEOF (.stack1_dummy))
                0x20041800                __StackBottom = (__StackTop - SIZEOF (.stack_dummy))
                0x20042000                PROVIDE (__stack = __StackTop)
                [!provide]                PROVIDE (__heap_start = __end__)
                [!provide]                PROVIDE (__heap_end = __HeapLimit)
                [!provide]                PROVIDE (__tls_align = MAX (ALIGNOF (.tdata), ALIGNOF (.tbss)))
                [!provide]                PROVIDE (__tls_size_align = (((__tls_size + __tls_align) - 0x1) & ~ ((__tls_align - 0x1))))
                [!provide]                PROVIDE (__arm32_tls_tcb_offset = MAX (0x8, __tls_align))
                [!provide]                PROVIDE (_end = __end__)
                [!provide]                PROVIDE (__llvm_libc_heap_limit = __HeapLimit)
                0x00000001                ASSERT ((__StackLimit >= __HeapLimit), region RAM overflowed)
                0x00000001                ASSERT (((__binary_info_header_end - __logical_binary_start) <= 0x100), Binary info must be in first 256 bytes of the binary)
LOAD CMakeFiles/my_pico_firmware.dir/d1embed.cpp.obj
LOAD CMakeFiles/my_pico_firmware.dir/E_/ENTREPRENEURSHIP/summer2025embedded/Pico/pico-sdk/src/rp2_common/pico_stdlib/stdlib.c.obj
LOAD CMakeFiles/my_pico_firmware.dir/E_/ENTREPRENEURSHIP/summer2025embedded/Pico/pico-sdk/src/rp2_common/hardware_gpio/gpio.c.obj
LOAD CMakeFiles/my_pico_firmware.dir/E_/ENTREPRENEURSHIP/summer2025embedded/Pico/pico-sdk/src/rp2040/pico_platform/platform.c.obj
LOAD CMakeFiles/my_pico_firmware.dir/E_/ENTREPRENEURSHIP/summer2025embedded/Pico/pico-sdk/src/rp2_common/pico_platform_panic/panic.c.obj
LOAD CMakeFiles/my_pico_firmware.dir/E_/ENTREPRENEURSHIP/summer2025embedded/Pico/pico-sdk/src/common/hardware_claim/claim.c.obj
LOAD CMakeFiles/my_pico_firmware.dir/E_/ENTREPRENEURSHIP/summer2025embedded/Pico/pico-sdk/src/rp2_common/hardware_sync/sync.c.obj
LOAD CMakeFiles/my_pico_firmware.dir/E_/ENTREPRENEURSHIP/summer2025embedded/Pico/pico-sdk/src/rp2_common/hardware_sync_spin_lock/sync_spin_lock.c.obj
LOAD CMakeFiles/my_pico_firmware.dir/E_/ENTREPRENEURSHIP/summer2025embedded/Pico/pico-sdk/src/rp2_common/hardware_irq/irq.c.obj
LOAD CMakeFiles/my_pico_firmware.dir/E_/ENTREPRENEURSHIP/summer2025embedded/Pico/pico-sdk/src/rp2_common/hardware_irq/irq_handler_chain.S.obj
LOAD CMakeFiles/my_pico_firmware.dir/E_/ENTREPRENEURSHIP/summer2025embedded/Pico/pico-sdk/src/common/pico_sync/sem.c.obj
LOAD CMakeFiles/my_pico_firmware.dir/E_/ENTREPRENEURSHIP/summer2025embedded/Pico/pico-sdk/src/common/pico_sync/lock_core.c.obj
LOAD CMakeFiles/my_pico_firmware.dir/E_/ENTREPRENEURSHIP/summer2025embedded/Pico/pico-sdk/src/common/pico_sync/mutex.c.obj
LOAD CMakeFiles/my_pico_firmware.dir/E_/ENTREPRENEURSHIP/summer2025embedded/Pico/pico-sdk/src/common/pico_sync/critical_section.c.obj
LOAD CMakeFiles/my_pico_firmware.dir/E_/ENTREPRENEURSHIP/summer2025embedded/Pico/pico-sdk/src/common/pico_time/time.c.obj
LOAD CMakeFiles/my_pico_firmware.dir/E_/ENTREPRENEURSHIP/summer2025embedded/Pico/pico-sdk/src/common/pico_time/timeout_helper.c.obj
LOAD CMakeFiles/my_pico_firmware.dir/E_/ENTREPRENEURSHIP/summer2025embedded/Pico/pico-sdk/src/rp2_common/hardware_timer/timer.c.obj
LOAD CMakeFiles/my_pico_firmware.dir/E_/ENTREPRENEURSHIP/summer2025embedded/Pico/pico-sdk/src/common/pico_util/datetime.c.obj
LOAD CMakeFiles/my_pico_firmware.dir/E_/ENTREPRENEURSHIP/summer2025embedded/Pico/pico-sdk/src/common/pico_util/pheap.c.obj
LOAD CMakeFiles/my_pico_firmware.dir/E_/ENTREPRENEURSHIP/summer2025embedded/Pico/pico-sdk/src/common/pico_util/queue.c.obj
LOAD CMakeFiles/my_pico_firmware.dir/E_/ENTREPRENEURSHIP/summer2025embedded/Pico/pico-sdk/src/rp2_common/hardware_uart/uart.c.obj
LOAD CMakeFiles/my_pico_firmware.dir/E_/ENTREPRENEURSHIP/summer2025embedded/Pico/pico-sdk/src/rp2_common/hardware_clocks/clocks.c.obj
LOAD CMakeFiles/my_pico_firmware.dir/E_/ENTREPRENEURSHIP/summer2025embedded/Pico/pico-sdk/src/rp2_common/hardware_pll/pll.c.obj
LOAD CMakeFiles/my_pico_firmware.dir/E_/ENTREPRENEURSHIP/summer2025embedded/Pico/pico-sdk/src/rp2_common/hardware_vreg/vreg.c.obj
LOAD CMakeFiles/my_pico_firmware.dir/E_/ENTREPRENEURSHIP/summer2025embedded/Pico/pico-sdk/src/rp2_common/hardware_watchdog/watchdog.c.obj
LOAD CMakeFiles/my_pico_firmware.dir/E_/ENTREPRENEURSHIP/summer2025embedded/Pico/pico-sdk/src/rp2_common/hardware_ticks/ticks.c.obj
LOAD CMakeFiles/my_pico_firmware.dir/E_/ENTREPRENEURSHIP/summer2025embedded/Pico/pico-sdk/src/rp2_common/pico_bootrom/bootrom.c.obj
LOAD CMakeFiles/my_pico_firmware.dir/E_/ENTREPRENEURSHIP/summer2025embedded/Pico/pico-sdk/src/rp2_common/pico_bootrom/bootrom_lock.c.obj
LOAD CMakeFiles/my_pico_firmware.dir/E_/ENTREPRENEURSHIP/summer2025embedded/Pico/pico-sdk/src/rp2_common/hardware_boot_lock/boot_lock.c.obj
LOAD CMakeFiles/my_pico_firmware.dir/E_/ENTREPRENEURSHIP/summer2025embedded/Pico/pico-sdk/src/rp2_common/pico_flash/flash.c.obj
LOAD CMakeFiles/my_pico_firmware.dir/E_/ENTREPRENEURSHIP/summer2025embedded/Pico/pico-sdk/src/rp2_common/hardware_xosc/xosc.c.obj
LOAD CMakeFiles/my_pico_firmware.dir/E_/ENTREPRENEURSHIP/summer2025embedded/Pico/pico-sdk/src/rp2_common/hardware_divider/divider.S.obj
LOAD CMakeFiles/my_pico_firmware.dir/E_/ENTREPRENEURSHIP/summer2025embedded/Pico/pico-sdk/src/rp2_common/pico_runtime/runtime.c.obj
LOAD CMakeFiles/my_pico_firmware.dir/E_/ENTREPRENEURSHIP/summer2025embedded/Pico/pico-sdk/src/rp2_common/pico_runtime_init/runtime_init.c.obj
LOAD CMakeFiles/my_pico_firmware.dir/E_/ENTREPRENEURSHIP/summer2025embedded/Pico/pico-sdk/src/rp2_common/pico_runtime_init/runtime_init_clocks.c.obj
LOAD CMakeFiles/my_pico_firmware.dir/E_/ENTREPRENEURSHIP/summer2025embedded/Pico/pico-sdk/src/rp2_common/pico_runtime_init/runtime_init_stack_guard.c.obj
LOAD CMakeFiles/my_pico_firmware.dir/E_/ENTREPRENEURSHIP/summer2025embedded/Pico/pico-sdk/src/rp2_common/pico_bit_ops/bit_ops_aeabi.S.obj
LOAD CMakeFiles/my_pico_firmware.dir/E_/ENTREPRENEURSHIP/summer2025embedded/Pico/pico-sdk/src/rp2_common/pico_divider/divider_hardware.S.obj
LOAD CMakeFiles/my_pico_firmware.dir/E_/ENTREPRENEURSHIP/summer2025embedded/Pico/pico-sdk/src/rp2_common/pico_double/double_aeabi_rp2040.S.obj
LOAD CMakeFiles/my_pico_firmware.dir/E_/ENTREPRENEURSHIP/summer2025embedded/Pico/pico-sdk/src/rp2_common/pico_double/double_init_rom_rp2040.c.obj
LOAD CMakeFiles/my_pico_firmware.dir/E_/ENTREPRENEURSHIP/summer2025embedded/Pico/pico-sdk/src/rp2_common/pico_double/double_math.c.obj
LOAD CMakeFiles/my_pico_firmware.dir/E_/ENTREPRENEURSHIP/summer2025embedded/Pico/pico-sdk/src/rp2_common/pico_double/double_v1_rom_shim_rp2040.S.obj
LOAD CMakeFiles/my_pico_firmware.dir/E_/ENTREPRENEURSHIP/summer2025embedded/Pico/pico-sdk/src/rp2_common/pico_int64_ops/pico_int64_ops_aeabi.S.obj
LOAD CMakeFiles/my_pico_firmware.dir/E_/ENTREPRENEURSHIP/summer2025embedded/Pico/pico-sdk/src/rp2_common/pico_float/float_aeabi_rp2040.S.obj
LOAD CMakeFiles/my_pico_firmware.dir/E_/ENTREPRENEURSHIP/summer2025embedded/Pico/pico-sdk/src/rp2_common/pico_float/float_init_rom_rp2040.c.obj
LOAD CMakeFiles/my_pico_firmware.dir/E_/ENTREPRENEURSHIP/summer2025embedded/Pico/pico-sdk/src/rp2_common/pico_float/float_math.c.obj
LOAD CMakeFiles/my_pico_firmware.dir/E_/ENTREPRENEURSHIP/summer2025embedded/Pico/pico-sdk/src/rp2_common/pico_float/float_v1_rom_shim_rp2040.S.obj
LOAD CMakeFiles/my_pico_firmware.dir/E_/ENTREPRENEURSHIP/summer2025embedded/Pico/pico-sdk/src/rp2_common/pico_malloc/malloc.c.obj
LOAD CMakeFiles/my_pico_firmware.dir/E_/ENTREPRENEURSHIP/summer2025embedded/Pico/pico-sdk/src/rp2_common/pico_mem_ops/mem_ops_aeabi.S.obj
LOAD CMakeFiles/my_pico_firmware.dir/E_/ENTREPRENEURSHIP/summer2025embedded/Pico/pico-sdk/src/rp2_common/pico_atomic/atomic.c.obj
LOAD CMakeFiles/my_pico_firmware.dir/E_/ENTREPRENEURSHIP/summer2025embedded/Pico/pico-sdk/src/rp2_common/pico_cxx_options/new_delete.cpp.obj
LOAD CMakeFiles/my_pico_firmware.dir/E_/ENTREPRENEURSHIP/summer2025embedded/Pico/pico-sdk/src/rp2_common/pico_standard_binary_info/standard_binary_info.c.obj
LOAD CMakeFiles/my_pico_firmware.dir/E_/ENTREPRENEURSHIP/summer2025embedded/Pico/pico-sdk/src/rp2_common/pico_printf/printf.c.obj
LOAD CMakeFiles/my_pico_firmware.dir/E_/ENTREPRENEURSHIP/summer2025embedded/Pico/pico-sdk/src/rp2_common/pico_crt0/crt0.S.obj
LOAD CMakeFiles/my_pico_firmware.dir/E_/ENTREPRENEURSHIP/summer2025embedded/Pico/pico-sdk/src/rp2_common/pico_clib_interface/newlib_interface.c.obj
LOAD CMakeFiles/my_pico_firmware.dir/E_/ENTREPRENEURSHIP/summer2025embedded/Pico/pico-sdk/src/rp2_common/pico_stdio/stdio.c.obj
LOAD CMakeFiles/my_pico_firmware.dir/E_/ENTREPRENEURSHIP/summer2025embedded/Pico/pico-sdk/src/rp2_common/pico_stdio_uart/stdio_uart.c.obj
LOAD CMakeFiles/my_pico_firmware.dir/E_/ENTREPRENEURSHIP/summer2025embedded/Pico/pico-sdk/src/rp2_common/hardware_adc/adc.c.obj
LOAD pico-sdk/src/rp2040/boot_stage2/CMakeFiles/bs2_default_library.dir/./bs2_default_padded_checksummed.S.obj
LOAD c:/progra~2/gnuarm~1/102021~1.10/bin/../lib/gcc/arm-none-eabi/10.3.1/../../../../arm-none-eabi/lib/thumb/v6-m/nofp\libstdc++.a
LOAD c:/progra~2/gnuarm~1/102021~1.10/bin/../lib/gcc/arm-none-eabi/10.3.1/../../../../arm-none-eabi/lib/thumb/v6-m/nofp\libm.a
START GROUP
LOAD c:/progra~2/gnuarm~1/102021~1.10/bin/../lib/gcc/arm-none-eabi/10.3.1/thumb/v6-m/nofp\libgcc.a
LOAD c:/progra~2/gnuarm~1/102021~1.10/bin/../lib/gcc/arm-none-eabi/10.3.1/../../../../arm-none-eabi/lib/thumb/v6-m/nofp\libg.a
LOAD c:/progra~2/gnuarm~1/102021~1.10/bin/../lib/gcc/arm-none-eabi/10.3.1/../../../../arm-none-eabi/lib/thumb/v6-m/nofp\libc.a
END GROUP
START GROUP
LOAD c:/progra~2/gnuarm~1/102021~1.10/bin/../lib/gcc/arm-none-eabi/10.3.1/thumb/v6-m/nofp\libgcc.a
LOAD c:/progra~2/gnuarm~1/102021~1.10/bin/../lib/gcc/arm-none-eabi/10.3.1/../../../../arm-none-eabi/lib/thumb/v6-m/nofp\libc.a
LOAD c:/progra~2/gnuarm~1/102021~1.10/bin/../lib/gcc/arm-none-eabi/10.3.1/../../../../arm-none-eabi/lib/thumb/v6-m/nofp\libnosys.a
END GROUP
LOAD c:/progra~2/gnuarm~1/102021~1.10/bin/../lib/gcc/arm-none-eabi/10.3.1/thumb/v6-m/nofp/crtend.o
LOAD c:/progra~2/gnuarm~1/102021~1.10/bin/../lib/gcc/arm-none-eabi/10.3.1/thumb/v6-m/nofp/crtn.o
OUTPUT(my_pico_firmware.elf elf32-littlearm)
LOAD linker stubs

.ARM.attributes
                0x00000000       0x28
 .ARM.attributes
                0x00000000       0x1e c:/progra~2/gnuarm~1/102021~1.10/bin/../lib/gcc/arm-none-eabi/10.3.1/thumb/v6-m/nofp/crti.o
 .ARM.attributes
                0x0000001e       0x2c c:/progra~2/gnuarm~1/102021~1.10/bin/../lib/gcc/arm-none-eabi/10.3.1/thumb/v6-m/nofp/crtbegin.o
 .ARM.attributes
                0x0000004a       0x2c CMakeFiles/my_pico_firmware.dir/d1embed.cpp.obj
 .ARM.attributes
                0x00000076       0x2c CMakeFiles/my_pico_firmware.dir/E_/ENTREPRENEURSHIP/summer2025embedded/Pico/pico-sdk/src/rp2_common/hardware_gpio/gpio.c.obj
 .ARM.attributes
                0x000000a2       0x2c CMakeFiles/my_pico_firmware.dir/E_/ENTREPRENEURSHIP/summer2025embedded/Pico/pico-sdk/src/rp2_common/pico_platform_panic/panic.c.obj
 .ARM.attributes
                0x000000ce       0x2c CMakeFiles/my_pico_firmware.dir/E_/ENTREPRENEURSHIP/summer2025embedded/Pico/pico-sdk/src/common/hardware_claim/claim.c.obj
 .ARM.attributes
                0x000000fa       0x2c CMakeFiles/my_pico_firmware.dir/E_/ENTREPRENEURSHIP/summer2025embedded/Pico/pico-sdk/src/rp2_common/hardware_sync/sync.c.obj
 .ARM.attributes
                0x00000126       0x2c CMakeFiles/my_pico_firmware.dir/E_/ENTREPRENEURSHIP/summer2025embedded/Pico/pico-sdk/src/rp2_common/hardware_sync_spin_lock/sync_spin_lock.c.obj
 .ARM.attributes
                0x00000152       0x2c CMakeFiles/my_pico_firmware.dir/E_/ENTREPRENEURSHIP/summer2025embedded/Pico/pico-sdk/src/rp2_common/hardware_irq/irq.c.obj
 .ARM.attributes
                0x0000017e       0x22 CMakeFiles/my_pico_firmware.dir/E_/ENTREPRENEURSHIP/summer2025embedded/Pico/pico-sdk/src/rp2_common/hardware_irq/irq_handler_chain.S.obj
 .ARM.attributes
                0x000001a0       0x2c CMakeFiles/my_pico_firmware.dir/E_/ENTREPRENEURSHIP/summer2025embedded/Pico/pico-sdk/src/common/pico_sync/lock_core.c.obj
 .ARM.attributes
                0x000001cc       0x2c CMakeFiles/my_pico_firmware.dir/E_/ENTREPRENEURSHIP/summer2025embedded/Pico/pico-sdk/src/common/pico_sync/mutex.c.obj
 .ARM.attributes
                0x000001f8       0x2c CMakeFiles/my_pico_firmware.dir/E_/ENTREPRENEURSHIP/summer2025embedded/Pico/pico-sdk/src/common/pico_time/time.c.obj
 .ARM.attributes
                0x00000224       0x2c CMakeFiles/my_pico_firmware.dir/E_/ENTREPRENEURSHIP/summer2025embedded/Pico/pico-sdk/src/rp2_common/hardware_timer/timer.c.obj
 .ARM.attributes
                0x00000250       0x2c CMakeFiles/my_pico_firmware.dir/E_/ENTREPRENEURSHIP/summer2025embedded/Pico/pico-sdk/src/rp2_common/hardware_uart/uart.c.obj
 .ARM.attributes
                0x0000027c       0x2c CMakeFiles/my_pico_firmware.dir/E_/ENTREPRENEURSHIP/summer2025embedded/Pico/pico-sdk/src/rp2_common/hardware_clocks/clocks.c.obj
 .ARM.attributes
                0x000002a8       0x2c CMakeFiles/my_pico_firmware.dir/E_/ENTREPRENEURSHIP/summer2025embedded/Pico/pico-sdk/src/rp2_common/hardware_pll/pll.c.obj
 .ARM.attributes
                0x000002d4       0x2c CMakeFiles/my_pico_firmware.dir/E_/ENTREPRENEURSHIP/summer2025embedded/Pico/pico-sdk/src/rp2_common/hardware_ticks/ticks.c.obj
 .ARM.attributes
                0x00000300       0x2c CMakeFiles/my_pico_firmware.dir/E_/ENTREPRENEURSHIP/summer2025embedded/Pico/pico-sdk/src/rp2_common/pico_bootrom/bootrom.c.obj
 .ARM.attributes
                0x0000032c       0x2c CMakeFiles/my_pico_firmware.dir/E_/ENTREPRENEURSHIP/summer2025embedded/Pico/pico-sdk/src/rp2_common/hardware_xosc/xosc.c.obj
 .ARM.attributes
                0x00000358       0x2c CMakeFiles/my_pico_firmware.dir/E_/ENTREPRENEURSHIP/summer2025embedded/Pico/pico-sdk/src/rp2_common/pico_runtime/runtime.c.obj
 .ARM.attributes
                0x00000384       0x2c CMakeFiles/my_pico_firmware.dir/E_/ENTREPRENEURSHIP/summer2025embedded/Pico/pico-sdk/src/rp2_common/pico_runtime_init/runtime_init.c.obj
 .ARM.attributes
                0x000003b0       0x2c CMakeFiles/my_pico_firmware.dir/E_/ENTREPRENEURSHIP/summer2025embedded/Pico/pico-sdk/src/rp2_common/pico_runtime_init/runtime_init_clocks.c.obj
 .ARM.attributes
                0x000003dc       0x22 CMakeFiles/my_pico_firmware.dir/E_/ENTREPRENEURSHIP/summer2025embedded/Pico/pico-sdk/src/rp2_common/pico_bit_ops/bit_ops_aeabi.S.obj
 .ARM.attributes
                0x000003fe       0x22 CMakeFiles/my_pico_firmware.dir/E_/ENTREPRENEURSHIP/summer2025embedded/Pico/pico-sdk/src/rp2_common/pico_divider/divider_hardware.S.obj
 .ARM.attributes
                0x00000420       0x22 CMakeFiles/my_pico_firmware.dir/E_/ENTREPRENEURSHIP/summer2025embedded/Pico/pico-sdk/src/rp2_common/pico_double/double_aeabi_rp2040.S.obj
 .ARM.attributes
                0x00000442       0x2c CMakeFiles/my_pico_firmware.dir/E_/ENTREPRENEURSHIP/summer2025embedded/Pico/pico-sdk/src/rp2_common/pico_double/double_init_rom_rp2040.c.obj
 .ARM.attributes
                0x0000046e       0x22 CMakeFiles/my_pico_firmware.dir/E_/ENTREPRENEURSHIP/summer2025embedded/Pico/pico-sdk/src/rp2_common/pico_double/double_v1_rom_shim_rp2040.S.obj
 .ARM.attributes
                0x00000490       0x22 CMakeFiles/my_pico_firmware.dir/E_/ENTREPRENEURSHIP/summer2025embedded/Pico/pico-sdk/src/rp2_common/pico_int64_ops/pico_int64_ops_aeabi.S.obj
 .ARM.attributes
                0x000004b2       0x22 CMakeFiles/my_pico_firmware.dir/E_/ENTREPRENEURSHIP/summer2025embedded/Pico/pico-sdk/src/rp2_common/pico_float/float_aeabi_rp2040.S.obj
 .ARM.attributes
                0x000004d4       0x2c CMakeFiles/my_pico_firmware.dir/E_/ENTREPRENEURSHIP/summer2025embedded/Pico/pico-sdk/src/rp2_common/pico_float/float_init_rom_rp2040.c.obj
 .ARM.attributes
                0x00000500       0x22 CMakeFiles/my_pico_firmware.dir/E_/ENTREPRENEURSHIP/summer2025embedded/Pico/pico-sdk/src/rp2_common/pico_float/float_v1_rom_shim_rp2040.S.obj
 .ARM.attributes
                0x00000522       0x22 CMakeFiles/my_pico_firmware.dir/E_/ENTREPRENEURSHIP/summer2025embedded/Pico/pico-sdk/src/rp2_common/pico_mem_ops/mem_ops_aeabi.S.obj
 .ARM.attributes
                0x00000544       0x2c CMakeFiles/my_pico_firmware.dir/E_/ENTREPRENEURSHIP/summer2025embedded/Pico/pico-sdk/src/rp2_common/pico_standard_binary_info/standard_binary_info.c.obj
 .ARM.attributes
                0x00000570       0x2c CMakeFiles/my_pico_firmware.dir/E_/ENTREPRENEURSHIP/summer2025embedded/Pico/pico-sdk/src/rp2_common/pico_printf/printf.c.obj
 .ARM.attributes
                0x0000059c       0x22 CMakeFiles/my_pico_firmware.dir/E_/ENTREPRENEURSHIP/summer2025embedded/Pico/pico-sdk/src/rp2_common/pico_crt0/crt0.S.obj
 .ARM.attributes
                0x000005be       0x2c CMakeFiles/my_pico_firmware.dir/E_/ENTREPRENEURSHIP/summer2025embedded/Pico/pico-sdk/src/rp2_common/pico_clib_interface/newlib_interface.c.obj
 .ARM.attributes
                0x000005ea       0x2c CMakeFiles/my_pico_firmware.dir/E_/ENTREPRENEURSHIP/summer2025embedded/Pico/pico-sdk/src/rp2_common/pico_stdio/stdio.c.obj
 .ARM.attributes
                0x00000616       0x2c CMakeFiles/my_pico_firmware.dir/E_/ENTREPRENEURSHIP/summer2025embedded/Pico/pico-sdk/src/rp2_common/pico_stdio_uart/stdio_uart.c.obj
 .ARM.attributes
                0x00000642       0x2c CMakeFiles/my_pico_firmware.dir/E_/ENTREPRENEURSHIP/summer2025embedded/Pico/pico-sdk/src/rp2_common/hardware_adc/adc.c.obj
 .ARM.attributes
                0x0000066e       0x22 pico-sdk/src/rp2040/boot_stage2/CMakeFiles/bs2_default_library.dir/./bs2_default_padded_checksummed.S.obj
 .ARM.attributes
                0x00000690       0x1e c:/progra~2/gnuarm~1/102021~1.10/bin/../lib/gcc/arm-none-eabi/10.3.1/thumb/v6-m/nofp\libgcc.a(_dvmd_tls.o)
 .ARM.attributes
                0x000006ae       0x2c c:/progra~2/gnuarm~1/102021~1.10/bin/../lib/gcc/arm-none-eabi/10.3.1/../../../../arm-none-eabi/lib/thumb/v6-m/nofp\libg.a(lib_a-strlen-stub.o)

.comment        0x00000000       0x49
 .comment       0x00000000       0x49 CMakeFiles/my_pico_firmware.dir/d1embed.cpp.obj
                                 0x4a (size before relaxing)
 .comment       0x00000049       0x4a CMakeFiles/my_pico_firmware.dir/E_/ENTREPRENEURSHIP/summer2025embedded/Pico/pico-sdk/src/rp2_common/hardware_gpio/gpio.c.obj
 .comment       0x00000049       0x4a CMakeFiles/my_pico_firmware.dir/E_/ENTREPRENEURSHIP/summer2025embedded/Pico/pico-sdk/src/rp2_common/pico_platform_panic/panic.c.obj
 .comment       0x00000049       0x4a CMakeFiles/my_pico_firmware.dir/E_/ENTREPRENEURSHIP/summer2025embedded/Pico/pico-sdk/src/common/hardware_claim/claim.c.obj
 .comment       0x00000049       0x4a CMakeFiles/my_pico_firmware.dir/E_/ENTREPRENEURSHIP/summer2025embedded/Pico/pico-sdk/src/rp2_common/hardware_sync/sync.c.obj
 .comment       0x00000049       0x4a CMakeFiles/my_pico_firmware.dir/E_/ENTREPRENEURSHIP/summer2025embedded/Pico/pico-sdk/src/rp2_common/hardware_sync_spin_lock/sync_spin_lock.c.obj
 .comment       0x00000049       0x4a CMakeFiles/my_pico_firmware.dir/E_/ENTREPRENEURSHIP/summer2025embedded/Pico/pico-sdk/src/rp2_common/hardware_irq/irq.c.obj
 .comment       0x00000049       0x4a CMakeFiles/my_pico_firmware.dir/E_/ENTREPRENEURSHIP/summer2025embedded/Pico/pico-sdk/src/common/pico_sync/lock_core.c.obj
 .comment       0x00000049       0x4a CMakeFiles/my_pico_firmware.dir/E_/ENTREPRENEURSHIP/summer2025embedded/Pico/pico-sdk/src/common/pico_sync/mutex.c.obj
 .comment       0x00000049       0x4a CMakeFiles/my_pico_firmware.dir/E_/ENTREPRENEURSHIP/summer2025embedded/Pico/pico-sdk/src/common/pico_time/time.c.obj
 .comment       0x00000049       0x4a CMakeFiles/my_pico_firmware.dir/E_/ENTREPRENEURSHIP/summer2025embedded/Pico/pico-sdk/src/rp2_common/hardware_timer/timer.c.obj
 .comment       0x00000049       0x4a CMakeFiles/my_pico_firmware.dir/E_/ENTREPRENEURSHIP/summer2025embedded/Pico/pico-sdk/src/rp2_common/hardware_uart/uart.c.obj
 .comment       0x00000049       0x4a CMakeFiles/my_pico_firmware.dir/E_/ENTREPRENEURSHIP/summer2025embedded/Pico/pico-sdk/src/rp2_common/hardware_clocks/clocks.c.obj
 .comment       0x00000049       0x4a CMakeFiles/my_pico_firmware.dir/E_/ENTREPRENEURSHIP/summer2025embedded/Pico/pico-sdk/src/rp2_common/hardware_pll/pll.c.obj
 .comment       0x00000049       0x4a CMakeFiles/my_pico_firmware.dir/E_/ENTREPRENEURSHIP/summer2025embedded/Pico/pico-sdk/src/rp2_common/hardware_ticks/ticks.c.obj
 .comment       0x00000049       0x4a CMakeFiles/my_pico_firmware.dir/E_/ENTREPRENEURSHIP/summer2025embedded/Pico/pico-sdk/src/rp2_common/pico_bootrom/bootrom.c.obj
 .comment       0x00000049       0x4a CMakeFiles/my_pico_firmware.dir/E_/ENTREPRENEURSHIP/summer2025embedded/Pico/pico-sdk/src/rp2_common/hardware_xosc/xosc.c.obj
 .comment       0x00000049       0x4a CMakeFiles/my_pico_firmware.dir/E_/ENTREPRENEURSHIP/summer2025embedded/Pico/pico-sdk/src/rp2_common/pico_runtime/runtime.c.obj
 .comment       0x00000049       0x4a CMakeFiles/my_pico_firmware.dir/E_/ENTREPRENEURSHIP/summer2025embedded/Pico/pico-sdk/src/rp2_common/pico_runtime_init/runtime_init.c.obj
 .comment       0x00000049       0x4a CMakeFiles/my_pico_firmware.dir/E_/ENTREPRENEURSHIP/summer2025embedded/Pico/pico-sdk/src/rp2_common/pico_runtime_init/runtime_init_clocks.c.obj
 .comment       0x00000049       0x4a CMakeFiles/my_pico_firmware.dir/E_/ENTREPRENEURSHIP/summer2025embedded/Pico/pico-sdk/src/rp2_common/pico_double/double_init_rom_rp2040.c.obj
 .comment       0x00000049       0x4a CMakeFiles/my_pico_firmware.dir/E_/ENTREPRENEURSHIP/summer2025embedded/Pico/pico-sdk/src/rp2_common/pico_float/float_init_rom_rp2040.c.obj
 .comment       0x00000049       0x4a CMakeFiles/my_pico_firmware.dir/E_/ENTREPRENEURSHIP/summer2025embedded/Pico/pico-sdk/src/rp2_common/pico_standard_binary_info/standard_binary_info.c.obj
 .comment       0x00000049       0x4a CMakeFiles/my_pico_firmware.dir/E_/ENTREPRENEURSHIP/summer2025embedded/Pico/pico-sdk/src/rp2_common/pico_printf/printf.c.obj
 .comment       0x00000049       0x4a CMakeFiles/my_pico_firmware.dir/E_/ENTREPRENEURSHIP/summer2025embedded/Pico/pico-sdk/src/rp2_common/pico_clib_interface/newlib_interface.c.obj
 .comment       0x00000049       0x4a CMakeFiles/my_pico_firmware.dir/E_/ENTREPRENEURSHIP/summer2025embedded/Pico/pico-sdk/src/rp2_common/pico_stdio/stdio.c.obj
 .comment       0x00000049       0x4a CMakeFiles/my_pico_firmware.dir/E_/ENTREPRENEURSHIP/summer2025embedded/Pico/pico-sdk/src/rp2_common/pico_stdio_uart/stdio_uart.c.obj
 .comment       0x00000049       0x4a CMakeFiles/my_pico_firmware.dir/E_/ENTREPRENEURSHIP/summer2025embedded/Pico/pico-sdk/src/rp2_common/hardware_adc/adc.c.obj

.debug_info     0x00000000    0x1de4b
 .debug_info    0x00000000     0x14ea CMakeFiles/my_pico_firmware.dir/d1embed.cpp.obj
 .debug_info    0x000014ea     0x2503 CMakeFiles/my_pico_firmware.dir/E_/ENTREPRENEURSHIP/summer2025embedded/Pico/pico-sdk/src/rp2_common/hardware_gpio/gpio.c.obj
 .debug_info    0x000039ed      0x19c CMakeFiles/my_pico_firmware.dir/E_/ENTREPRENEURSHIP/summer2025embedded/Pico/pico-sdk/src/rp2_common/pico_platform_panic/panic.c.obj
 .debug_info    0x00003b89      0xa53 CMakeFiles/my_pico_firmware.dir/E_/ENTREPRENEURSHIP/summer2025embedded/Pico/pico-sdk/src/common/hardware_claim/claim.c.obj
 .debug_info    0x000045dc      0x3f5 CMakeFiles/my_pico_firmware.dir/E_/ENTREPRENEURSHIP/summer2025embedded/Pico/pico-sdk/src/rp2_common/hardware_sync/sync.c.obj
 .debug_info    0x000049d1      0x24e CMakeFiles/my_pico_firmware.dir/E_/ENTREPRENEURSHIP/summer2025embedded/Pico/pico-sdk/src/rp2_common/hardware_sync_spin_lock/sync_spin_lock.c.obj
 .debug_info    0x00004c1f     0x22af CMakeFiles/my_pico_firmware.dir/E_/ENTREPRENEURSHIP/summer2025embedded/Pico/pico-sdk/src/rp2_common/hardware_irq/irq.c.obj
 .debug_info    0x00006ece      0x160 CMakeFiles/my_pico_firmware.dir/E_/ENTREPRENEURSHIP/summer2025embedded/Pico/pico-sdk/src/common/pico_sync/lock_core.c.obj
 .debug_info    0x0000702e     0x2ae1 CMakeFiles/my_pico_firmware.dir/E_/ENTREPRENEURSHIP/summer2025embedded/Pico/pico-sdk/src/common/pico_sync/mutex.c.obj
 .debug_info    0x00009b0f     0x49e9 CMakeFiles/my_pico_firmware.dir/E_/ENTREPRENEURSHIP/summer2025embedded/Pico/pico-sdk/src/common/pico_time/time.c.obj
 .debug_info    0x0000e4f8     0x2b00 CMakeFiles/my_pico_firmware.dir/E_/ENTREPRENEURSHIP/summer2025embedded/Pico/pico-sdk/src/rp2_common/hardware_timer/timer.c.obj
 .debug_info    0x00010ff8     0x19dd CMakeFiles/my_pico_firmware.dir/E_/ENTREPRENEURSHIP/summer2025embedded/Pico/pico-sdk/src/rp2_common/hardware_uart/uart.c.obj
 .debug_info    0x000129d5     0x2952 CMakeFiles/my_pico_firmware.dir/E_/ENTREPRENEURSHIP/summer2025embedded/Pico/pico-sdk/src/rp2_common/hardware_clocks/clocks.c.obj
 .debug_info    0x00015327      0x511 CMakeFiles/my_pico_firmware.dir/E_/ENTREPRENEURSHIP/summer2025embedded/Pico/pico-sdk/src/rp2_common/hardware_pll/pll.c.obj
 .debug_info    0x00015838      0x25a CMakeFiles/my_pico_firmware.dir/E_/ENTREPRENEURSHIP/summer2025embedded/Pico/pico-sdk/src/rp2_common/hardware_ticks/ticks.c.obj
 .debug_info    0x00015a92      0x516 CMakeFiles/my_pico_firmware.dir/E_/ENTREPRENEURSHIP/summer2025embedded/Pico/pico-sdk/src/rp2_common/pico_bootrom/bootrom.c.obj
 .debug_info    0x00015fa8      0x1e1 CMakeFiles/my_pico_firmware.dir/E_/ENTREPRENEURSHIP/summer2025embedded/Pico/pico-sdk/src/rp2_common/hardware_xosc/xosc.c.obj
 .debug_info    0x00016189      0x214 CMakeFiles/my_pico_firmware.dir/E_/ENTREPRENEURSHIP/summer2025embedded/Pico/pico-sdk/src/rp2_common/pico_runtime/runtime.c.obj
 .debug_info    0x0001639d      0x7dc CMakeFiles/my_pico_firmware.dir/E_/ENTREPRENEURSHIP/summer2025embedded/Pico/pico-sdk/src/rp2_common/pico_runtime_init/runtime_init.c.obj
 .debug_info    0x00016b79      0x719 CMakeFiles/my_pico_firmware.dir/E_/ENTREPRENEURSHIP/summer2025embedded/Pico/pico-sdk/src/rp2_common/pico_runtime_init/runtime_init_clocks.c.obj
 .debug_info    0x00017292       0x22 CMakeFiles/my_pico_firmware.dir/E_/ENTREPRENEURSHIP/summer2025embedded/Pico/pico-sdk/src/rp2_common/pico_bit_ops/bit_ops_aeabi.S.obj
 .debug_info    0x000172b4       0x22 CMakeFiles/my_pico_firmware.dir/E_/ENTREPRENEURSHIP/summer2025embedded/Pico/pico-sdk/src/rp2_common/pico_divider/divider_hardware.S.obj
 .debug_info    0x000172d6       0x22 CMakeFiles/my_pico_firmware.dir/E_/ENTREPRENEURSHIP/summer2025embedded/Pico/pico-sdk/src/rp2_common/pico_double/double_aeabi_rp2040.S.obj
 .debug_info    0x000172f8      0x23c CMakeFiles/my_pico_firmware.dir/E_/ENTREPRENEURSHIP/summer2025embedded/Pico/pico-sdk/src/rp2_common/pico_double/double_init_rom_rp2040.c.obj
 .debug_info    0x00017534       0x22 CMakeFiles/my_pico_firmware.dir/E_/ENTREPRENEURSHIP/summer2025embedded/Pico/pico-sdk/src/rp2_common/pico_double/double_v1_rom_shim_rp2040.S.obj
 .debug_info    0x00017556       0x26 CMakeFiles/my_pico_firmware.dir/E_/ENTREPRENEURSHIP/summer2025embedded/Pico/pico-sdk/src/rp2_common/pico_int64_ops/pico_int64_ops_aeabi.S.obj
 .debug_info    0x0001757c       0x22 CMakeFiles/my_pico_firmware.dir/E_/ENTREPRENEURSHIP/summer2025embedded/Pico/pico-sdk/src/rp2_common/pico_float/float_aeabi_rp2040.S.obj
 .debug_info    0x0001759e      0x246 CMakeFiles/my_pico_firmware.dir/E_/ENTREPRENEURSHIP/summer2025embedded/Pico/pico-sdk/src/rp2_common/pico_float/float_init_rom_rp2040.c.obj
 .debug_info    0x000177e4       0x22 CMakeFiles/my_pico_firmware.dir/E_/ENTREPRENEURSHIP/summer2025embedded/Pico/pico-sdk/src/rp2_common/pico_float/float_v1_rom_shim_rp2040.S.obj
 .debug_info    0x00017806       0x22 CMakeFiles/my_pico_firmware.dir/E_/ENTREPRENEURSHIP/summer2025embedded/Pico/pico-sdk/src/rp2_common/pico_mem_ops/mem_ops_aeabi.S.obj
 .debug_info    0x00017828      0x2fb CMakeFiles/my_pico_firmware.dir/E_/ENTREPRENEURSHIP/summer2025embedded/Pico/pico-sdk/src/rp2_common/pico_standard_binary_info/standard_binary_info.c.obj
 .debug_info    0x00017b23     0x21c9 CMakeFiles/my_pico_firmware.dir/E_/ENTREPRENEURSHIP/summer2025embedded/Pico/pico-sdk/src/rp2_common/pico_printf/printf.c.obj
 .debug_info    0x00019cec       0x22 CMakeFiles/my_pico_firmware.dir/E_/ENTREPRENEURSHIP/summer2025embedded/Pico/pico-sdk/src/rp2_common/pico_crt0/crt0.S.obj
 .debug_info    0x00019d0e      0xb4e CMakeFiles/my_pico_firmware.dir/E_/ENTREPRENEURSHIP/summer2025embedded/Pico/pico-sdk/src/rp2_common/pico_clib_interface/newlib_interface.c.obj
 .debug_info    0x0001a85c     0x1ccb CMakeFiles/my_pico_firmware.dir/E_/ENTREPRENEURSHIP/summer2025embedded/Pico/pico-sdk/src/rp2_common/pico_stdio/stdio.c.obj
 .debug_info    0x0001c527     0x150f CMakeFiles/my_pico_firmware.dir/E_/ENTREPRENEURSHIP/summer2025embedded/Pico/pico-sdk/src/rp2_common/pico_stdio_uart/stdio_uart.c.obj
 .debug_info    0x0001da36      0x415 CMakeFiles/my_pico_firmware.dir/E_/ENTREPRENEURSHIP/summer2025embedded/Pico/pico-sdk/src/rp2_common/hardware_adc/adc.c.obj

.debug_abbrev   0x00000000     0x4f96
 .debug_abbrev  0x00000000      0x3d9 CMakeFiles/my_pico_firmware.dir/d1embed.cpp.obj
 .debug_abbrev  0x000003d9      0x4b6 CMakeFiles/my_pico_firmware.dir/E_/ENTREPRENEURSHIP/summer2025embedded/Pico/pico-sdk/src/rp2_common/hardware_gpio/gpio.c.obj
 .debug_abbrev  0x0000088f       0xf4 CMakeFiles/my_pico_firmware.dir/E_/ENTREPRENEURSHIP/summer2025embedded/Pico/pico-sdk/src/rp2_common/pico_platform_panic/panic.c.obj
 .debug_abbrev  0x00000983      0x2d3 CMakeFiles/my_pico_firmware.dir/E_/ENTREPRENEURSHIP/summer2025embedded/Pico/pico-sdk/src/common/hardware_claim/claim.c.obj
 .debug_abbrev  0x00000c56      0x1de CMakeFiles/my_pico_firmware.dir/E_/ENTREPRENEURSHIP/summer2025embedded/Pico/pico-sdk/src/rp2_common/hardware_sync/sync.c.obj
 .debug_abbrev  0x00000e34      0x1b2 CMakeFiles/my_pico_firmware.dir/E_/ENTREPRENEURSHIP/summer2025embedded/Pico/pico-sdk/src/rp2_common/hardware_sync_spin_lock/sync_spin_lock.c.obj
 .debug_abbrev  0x00000fe6      0x588 CMakeFiles/my_pico_firmware.dir/E_/ENTREPRENEURSHIP/summer2025embedded/Pico/pico-sdk/src/rp2_common/hardware_irq/irq.c.obj
 .debug_abbrev  0x0000156e       0xee CMakeFiles/my_pico_firmware.dir/E_/ENTREPRENEURSHIP/summer2025embedded/Pico/pico-sdk/src/common/pico_sync/lock_core.c.obj
 .debug_abbrev  0x0000165c      0x413 CMakeFiles/my_pico_firmware.dir/E_/ENTREPRENEURSHIP/summer2025embedded/Pico/pico-sdk/src/common/pico_sync/mutex.c.obj
 .debug_abbrev  0x00001a6f      0x606 CMakeFiles/my_pico_firmware.dir/E_/ENTREPRENEURSHIP/summer2025embedded/Pico/pico-sdk/src/common/pico_time/time.c.obj
 .debug_abbrev  0x00002075      0x49d CMakeFiles/my_pico_firmware.dir/E_/ENTREPRENEURSHIP/summer2025embedded/Pico/pico-sdk/src/rp2_common/hardware_timer/timer.c.obj
 .debug_abbrev  0x00002512      0x315 CMakeFiles/my_pico_firmware.dir/E_/ENTREPRENEURSHIP/summer2025embedded/Pico/pico-sdk/src/rp2_common/hardware_uart/uart.c.obj
 .debug_abbrev  0x00002827      0x49f CMakeFiles/my_pico_firmware.dir/E_/ENTREPRENEURSHIP/summer2025embedded/Pico/pico-sdk/src/rp2_common/hardware_clocks/clocks.c.obj
 .debug_abbrev  0x00002cc6      0x1c6 CMakeFiles/my_pico_firmware.dir/E_/ENTREPRENEURSHIP/summer2025embedded/Pico/pico-sdk/src/rp2_common/hardware_pll/pll.c.obj
 .debug_abbrev  0x00002e8c      0x141 CMakeFiles/my_pico_firmware.dir/E_/ENTREPRENEURSHIP/summer2025embedded/Pico/pico-sdk/src/rp2_common/hardware_ticks/ticks.c.obj
 .debug_abbrev  0x00002fcd      0x1ba CMakeFiles/my_pico_firmware.dir/E_/ENTREPRENEURSHIP/summer2025embedded/Pico/pico-sdk/src/rp2_common/pico_bootrom/bootrom.c.obj
 .debug_abbrev  0x00003187      0x11a CMakeFiles/my_pico_firmware.dir/E_/ENTREPRENEURSHIP/summer2025embedded/Pico/pico-sdk/src/rp2_common/hardware_xosc/xosc.c.obj
 .debug_abbrev  0x000032a1      0x16c CMakeFiles/my_pico_firmware.dir/E_/ENTREPRENEURSHIP/summer2025embedded/Pico/pico-sdk/src/rp2_common/pico_runtime/runtime.c.obj
 .debug_abbrev  0x0000340d      0x20c CMakeFiles/my_pico_firmware.dir/E_/ENTREPRENEURSHIP/summer2025embedded/Pico/pico-sdk/src/rp2_common/pico_runtime_init/runtime_init.c.obj
 .debug_abbrev  0x00003619      0x246 CMakeFiles/my_pico_firmware.dir/E_/ENTREPRENEURSHIP/summer2025embedded/Pico/pico-sdk/src/rp2_common/pico_runtime_init/runtime_init_clocks.c.obj
 .debug_abbrev  0x0000385f       0x12 CMakeFiles/my_pico_firmware.dir/E_/ENTREPRENEURSHIP/summer2025embedded/Pico/pico-sdk/src/rp2_common/pico_bit_ops/bit_ops_aeabi.S.obj
 .debug_abbrev  0x00003871       0x12 CMakeFiles/my_pico_firmware.dir/E_/ENTREPRENEURSHIP/summer2025embedded/Pico/pico-sdk/src/rp2_common/pico_divider/divider_hardware.S.obj
 .debug_abbrev  0x00003883       0x12 CMakeFiles/my_pico_firmware.dir/E_/ENTREPRENEURSHIP/summer2025embedded/Pico/pico-sdk/src/rp2_common/pico_double/double_aeabi_rp2040.S.obj
 .debug_abbrev  0x00003895      0x15c CMakeFiles/my_pico_firmware.dir/E_/ENTREPRENEURSHIP/summer2025embedded/Pico/pico-sdk/src/rp2_common/pico_double/double_init_rom_rp2040.c.obj
 .debug_abbrev  0x000039f1       0x12 CMakeFiles/my_pico_firmware.dir/E_/ENTREPRENEURSHIP/summer2025embedded/Pico/pico-sdk/src/rp2_common/pico_double/double_v1_rom_shim_rp2040.S.obj
 .debug_abbrev  0x00003a03       0x14 CMakeFiles/my_pico_firmware.dir/E_/ENTREPRENEURSHIP/summer2025embedded/Pico/pico-sdk/src/rp2_common/pico_int64_ops/pico_int64_ops_aeabi.S.obj
 .debug_abbrev  0x00003a17       0x12 CMakeFiles/my_pico_firmware.dir/E_/ENTREPRENEURSHIP/summer2025embedded/Pico/pico-sdk/src/rp2_common/pico_float/float_aeabi_rp2040.S.obj
 .debug_abbrev  0x00003a29      0x15c CMakeFiles/my_pico_firmware.dir/E_/ENTREPRENEURSHIP/summer2025embedded/Pico/pico-sdk/src/rp2_common/pico_float/float_init_rom_rp2040.c.obj
 .debug_abbrev  0x00003b85       0x12 CMakeFiles/my_pico_firmware.dir/E_/ENTREPRENEURSHIP/summer2025embedded/Pico/pico-sdk/src/rp2_common/pico_float/float_v1_rom_shim_rp2040.S.obj
 .debug_abbrev  0x00003b97       0x12 CMakeFiles/my_pico_firmware.dir/E_/ENTREPRENEURSHIP/summer2025embedded/Pico/pico-sdk/src/rp2_common/pico_mem_ops/mem_ops_aeabi.S.obj
 .debug_abbrev  0x00003ba9       0xad CMakeFiles/my_pico_firmware.dir/E_/ENTREPRENEURSHIP/summer2025embedded/Pico/pico-sdk/src/rp2_common/pico_standard_binary_info/standard_binary_info.c.obj
 .debug_abbrev  0x00003c56      0x517 CMakeFiles/my_pico_firmware.dir/E_/ENTREPRENEURSHIP/summer2025embedded/Pico/pico-sdk/src/rp2_common/pico_printf/printf.c.obj
 .debug_abbrev  0x0000416d       0x12 CMakeFiles/my_pico_firmware.dir/E_/ENTREPRENEURSHIP/summer2025embedded/Pico/pico-sdk/src/rp2_common/pico_crt0/crt0.S.obj
 .debug_abbrev  0x0000417f      0x315 CMakeFiles/my_pico_firmware.dir/E_/ENTREPRENEURSHIP/summer2025embedded/Pico/pico-sdk/src/rp2_common/pico_clib_interface/newlib_interface.c.obj
 .debug_abbrev  0x00004494      0x58d CMakeFiles/my_pico_firmware.dir/E_/ENTREPRENEURSHIP/summer2025embedded/Pico/pico-sdk/src/rp2_common/pico_stdio/stdio.c.obj
 .debug_abbrev  0x00004a21      0x43b CMakeFiles/my_pico_firmware.dir/E_/ENTREPRENEURSHIP/summer2025embedded/Pico/pico-sdk/src/rp2_common/pico_stdio_uart/stdio_uart.c.obj
 .debug_abbrev  0x00004e5c      0x13a CMakeFiles/my_pico_firmware.dir/E_/ENTREPRENEURSHIP/summer2025embedded/Pico/pico-sdk/src/rp2_common/hardware_adc/adc.c.obj

.debug_loc      0x00000000    0x186f3
 .debug_loc     0x00000000      0x1e6 CMakeFiles/my_pico_firmware.dir/d1embed.cpp.obj
 .debug_loc     0x000001e6     0x2956 CMakeFiles/my_pico_firmware.dir/E_/ENTREPRENEURSHIP/summer2025embedded/Pico/pico-sdk/src/rp2_common/hardware_gpio/gpio.c.obj
 .debug_loc     0x00002b3c      0x6c7 CMakeFiles/my_pico_firmware.dir/E_/ENTREPRENEURSHIP/summer2025embedded/Pico/pico-sdk/src/common/hardware_claim/claim.c.obj
 .debug_loc     0x00003203      0x154 CMakeFiles/my_pico_firmware.dir/E_/ENTREPRENEURSHIP/summer2025embedded/Pico/pico-sdk/src/rp2_common/hardware_sync/sync.c.obj
 .debug_loc     0x00003357       0xb5 CMakeFiles/my_pico_firmware.dir/E_/ENTREPRENEURSHIP/summer2025embedded/Pico/pico-sdk/src/rp2_common/hardware_sync_spin_lock/sync_spin_lock.c.obj
 .debug_loc     0x0000340c     0x1b95 CMakeFiles/my_pico_firmware.dir/E_/ENTREPRENEURSHIP/summer2025embedded/Pico/pico-sdk/src/rp2_common/hardware_irq/irq.c.obj
 .debug_loc     0x00004fa1       0x4d CMakeFiles/my_pico_firmware.dir/E_/ENTREPRENEURSHIP/summer2025embedded/Pico/pico-sdk/src/common/pico_sync/lock_core.c.obj
 .debug_loc     0x00004fee     0x1b8e CMakeFiles/my_pico_firmware.dir/E_/ENTREPRENEURSHIP/summer2025embedded/Pico/pico-sdk/src/common/pico_sync/mutex.c.obj
 .debug_loc     0x00006b7c     0x3f96 CMakeFiles/my_pico_firmware.dir/E_/ENTREPRENEURSHIP/summer2025embedded/Pico/pico-sdk/src/common/pico_time/time.c.obj
 .debug_loc     0x0000ab12     0x2542 CMakeFiles/my_pico_firmware.dir/E_/ENTREPRENEURSHIP/summer2025embedded/Pico/pico-sdk/src/rp2_common/hardware_timer/timer.c.obj
 .debug_loc     0x0000d054     0x1476 CMakeFiles/my_pico_firmware.dir/E_/ENTREPRENEURSHIP/summer2025embedded/Pico/pico-sdk/src/rp2_common/hardware_uart/uart.c.obj
 .debug_loc     0x0000e4ca     0x3476 CMakeFiles/my_pico_firmware.dir/E_/ENTREPRENEURSHIP/summer2025embedded/Pico/pico-sdk/src/rp2_common/hardware_clocks/clocks.c.obj
 .debug_loc     0x00011940      0x28f CMakeFiles/my_pico_firmware.dir/E_/ENTREPRENEURSHIP/summer2025embedded/Pico/pico-sdk/src/rp2_common/hardware_pll/pll.c.obj
 .debug_loc     0x00011bcf       0x57 CMakeFiles/my_pico_firmware.dir/E_/ENTREPRENEURSHIP/summer2025embedded/Pico/pico-sdk/src/rp2_common/hardware_ticks/ticks.c.obj
 .debug_loc     0x00011c26      0x4bb CMakeFiles/my_pico_firmware.dir/E_/ENTREPRENEURSHIP/summer2025embedded/Pico/pico-sdk/src/rp2_common/pico_bootrom/bootrom.c.obj
 .debug_loc     0x000120e1       0x71 CMakeFiles/my_pico_firmware.dir/E_/ENTREPRENEURSHIP/summer2025embedded/Pico/pico-sdk/src/rp2_common/hardware_xosc/xosc.c.obj
 .debug_loc     0x00012152       0xbc CMakeFiles/my_pico_firmware.dir/E_/ENTREPRENEURSHIP/summer2025embedded/Pico/pico-sdk/src/rp2_common/pico_runtime/runtime.c.obj
 .debug_loc     0x0001220e      0x11c CMakeFiles/my_pico_firmware.dir/E_/ENTREPRENEURSHIP/summer2025embedded/Pico/pico-sdk/src/rp2_common/pico_runtime_init/runtime_init.c.obj
 .debug_loc     0x0001232a       0xa7 CMakeFiles/my_pico_firmware.dir/E_/ENTREPRENEURSHIP/summer2025embedded/Pico/pico-sdk/src/rp2_common/pico_runtime_init/runtime_init_clocks.c.obj